Component: ARM Compiler 5.06 update 6 (build 750) Tool: armlink [4d35ed]

==============================================================================

Section Cross References

    main.o(.text) refers to misc.o(.text) for NVIC_PriorityGroupConfig
    main.o(.text) refers to delay.o(.text) for delay_init
    main.o(.text) refers to usart.o(.text) for uart_init
    main.o(.text) refers to usart2.o(.text) for USART3_Init
    main.o(.text) refers to exfuns.o(.text) for exfuns_init
    main.o(.text) refers to lcd.o(.text) for LCD_Init
    main.o(.text) refers to led.o(.text) for LED_Init
    main.o(.text) refers to key.o(.text) for KEY_Init
    main.o(.text) refers to malloc.o(.text) for mem_init
    main.o(.text) refers to mmc_sd.o(.text) for SD_Initialize
    main.o(.text) refers to ff.o(.text) for f_mount
    main.o(.text) refers to gps.o(.text) for SkyTra_Cfg_Rate
    main.o(.text) refers to route.o(.text) for route_init
    main.o(.text) refers to lcd.o(.data) for POINT_COLOR
    main.o(.text) refers to exfuns.o(.data) for fs
    system_stm32f10x.o(.text) refers to system_stm32f10x.o(.data) for SystemCoreClock
    route.o(.text) refers to _printf_percent.o(.ARM.Collect$$_printf_percent$$00000000) for _printf_percent
    route.o(.text) refers to _printf_d.o(.ARM.Collect$$_printf_percent$$00000009) for _printf_d
    route.o(.text) refers to _printf_dec.o(.text) for _printf_int_dec
    route.o(.text) refers to _printf_s.o(.ARM.Collect$$_printf_percent$$00000014) for _printf_s
    route.o(.text) refers to _printf_str.o(.text) for _printf_str
    route.o(.text) refers to _printf_f.o(.ARM.Collect$$_printf_percent$$00000003) for _printf_f
    route.o(.text) refers to printf1.o(x$fpl$printf1) for _printf_fp_dec
    route.o(.text) refers to _printf_pad.o(.text) for _printf_pre_padding
    route.o(.text) refers to _printf_c.o(.ARM.Collect$$_printf_percent$$00000013) for _printf_c
    route.o(.text) refers to lcd.o(.text) for LCD_ShowString
    route.o(.text) refers to ff.o(.text) for f_open
    route.o(.text) refers to __2printf.o(.text) for __2printf
    route.o(.text) refers to atoi.o(.text) for atoi
    route.o(.text) refers to __2sprintf.o(.text) for __2sprintf
    route.o(.text) refers to strcat.o(.text) for strcat
    route.o(.text) refers to usart2.o(.text) for use_gpiob_io
    route.o(.text) refers to ffix.o(x$fpl$ffix) for __aeabi_f2iz
    route.o(.text) refers to rt_memclr_w.o(.text) for __aeabi_memclr4
    route.o(.text) refers to f2d.o(x$fpl$f2d) for __aeabi_f2d
    route.o(.text) refers to fflt_clz.o(x$fpl$ffltu) for __aeabi_ui2f
    route.o(.text) refers to fdiv.o(x$fpl$fdiv) for __aeabi_fdiv
    route.o(.text) refers to route.o(.bss) for route
    route.o(.text) refers to main.o(.bss) for fil
    route.o(.text) refers to main.o(.data) for res
    route.o(.text) refers to exfuns.o(.bss) for dir
    route.o(.text) refers to lcd.o(.data) for POINT_COLOR
    route.o(.text) refers to faddsub_clz.o(x$fpl$fadd) for __aeabi_fadd
    route.o(.text) refers to ffixu.o(x$fpl$ffixu) for __aeabi_f2uiz
    route.o(.text) refers to malloc.o(.text) for mymalloc
    route.o(.text) refers to strstr.o(.text) for strstr
    route.o(.text) refers to fflt_clz.o(x$fpl$fflt) for __aeabi_i2f
    route.o(.text) refers to key.o(.text) for KEY_Scan
    route.o(.text) refers to delay.o(.text) for delay_ms
    route.o(.text) refers to rt_memclr.o(.text) for __aeabi_memclr
    route.o(.text) refers to gps.o(.text) for GPS_Analysis
    route.o(.text) refers to faddsub_clz.o(x$fpl$fsub) for __aeabi_fsub
    route.o(.text) refers to dmul.o(x$fpl$dmul) for __aeabi_dmul
    route.o(.text) refers to d2f.o(x$fpl$d2f) for __aeabi_d2f
    route.o(.text) refers to usart2.o(.data) for USART3_RX_STA
    route.o(.text) refers to usart2.o(.bss) for USART3_RX_BUF
    route.o(.text) refers to usart.o(.bss) for USART1_TX_BUF
    led.o(.text) refers to stm32f10x_rcc.o(.text) for RCC_APB2PeriphClockCmd
    led.o(.text) refers to stm32f10x_gpio.o(.text) for GPIO_Init
    lcd.o(.text) refers to _printf_percent.o(.ARM.Collect$$_printf_percent$$00000000) for _printf_percent
    lcd.o(.text) refers to _printf_x.o(.ARM.Collect$$_printf_percent$$0000000C) for _printf_x
    lcd.o(.text) refers to _printf_hex_int_ll_ptr.o(.text) for _printf_longlong_hex
    lcd.o(.text) refers to delay.o(.text) for delay_us
    lcd.o(.text) refers to lcd.o(.bss) for lcddev
    lcd.o(.text) refers to dflt_clz.o(x$fpl$dfltu) for __aeabi_ui2d
    lcd.o(.text) refers to dmul.o(x$fpl$dmul) for __aeabi_dmul
    lcd.o(.text) refers to dfixu.o(x$fpl$dfixu) for __aeabi_d2uiz
    lcd.o(.text) refers to lcd.o(.data) for POINT_COLOR
    lcd.o(.text) refers to stm32f10x_rcc.o(.text) for RCC_APB2PeriphClockCmd
    lcd.o(.text) refers to stm32f10x_gpio.o(.text) for GPIO_PinRemapConfig
    lcd.o(.text) refers to __2printf.o(.text) for __2printf
    lcd.o(.text) refers to lcd.o(.constdata) for asc2_1206
    key.o(.text) refers to stm32f10x_rcc.o(.text) for RCC_APB2PeriphClockCmd
[...]
    Gps_Msg_Show                             0x08000b3f   Thumb Code   568  route.o(.text)
    route_lcd_show                           0x08000d77   Thumb Code   348  route.o(.text)
    show_history_route                       0x08000ed3   Thumb Code   506  route.o(.text)
    show_history_file                        0x080010cd   Thumb Code   858  route.o(.text)
    route_data_playback                      0x08001427   Thumb Code    68  route.o(.text)
    route_data_record_end                    0x0800146b   Thumb Code   152  route.o(.text)
    show_route                               0x08001503   Thumb Code   788  route.o(.text)
    LED_Init                                 0x08001869   Thumb Code    50  led.o(.text)
    LCD_WR_REG                               0x080018a1   Thumb Code    28  lcd.o(.text)
    LCD_WR_DATAX                             0x080018bd   Thumb Code    28  lcd.o(.text)
    LCD_RD_DATA                              0x080018d9   Thumb Code    98  lcd.o(.text)
    LCD_WriteReg                             0x0800193b   Thumb Code    40  lcd.o(.text)
    LCD_ReadReg                              0x08001963   Thumb Code    16  lcd.o(.text)
    LCD_WriteRAM_Prepare                     0x08001973   Thumb Code    12  lcd.o(.text)
    LCD_WriteRAM                             0x0800197f   Thumb Code    28  lcd.o(.text)
    LCD_BGR2RGB                              0x0800199b   Thumb Code    26  lcd.o(.text)
    opt_delay                                0x080019b5   Thumb Code    14  lcd.o(.text)
    LCD_SetCursor                            0x080019c3   Thumb Code   956  lcd.o(.text)
    LCD_ReadPoint                            0x08001d7f   Thumb Code   506  lcd.o(.text)
    LCD_DisplayOn                            0x08001f79   Thumb Code    92  lcd.o(.text)
    LCD_DisplayOff                           0x08001fd5   Thumb Code    90  lcd.o(.text)
    LCD_Scan_Dir                             0x0800202f   Thumb Code  1126  lcd.o(.text)
    LCD_DrawPoint                            0x08002495   Thumb Code    52  lcd.o(.text)
    LCD_Fast_DrawPoint                       0x080024c9   Thumb Code   854  lcd.o(.text)
    LCD_SSD_BackLightSet                     0x0800281f   Thumb Code   220  lcd.o(.text)
    LCD_Display_Dir                          0x080028fb   Thumb Code   444  lcd.o(.text)
    LCD_Set_Window                           0x08002ab7   Thumb Code  1078  lcd.o(.text)
    LCD_Clear                                0x08002eed   Thumb Code   122  lcd.o(.text)
    LCD_Init                                 0x08002f67   Thumb Code 15298  lcd.o(.text)
    LCD_Fill                                 0x08006b29   Thumb Code   200  lcd.o(.text)
    LCD_Color_Fill                           0x08006bf1   Thumb Code   116  lcd.o(.text)
    LCD_DrawLine                             0x08006c65   Thumb Code   176  lcd.o(.text)
    LCD_DrawRectangle                        0x08006d15   Thumb Code    60  lcd.o(.text)
    LCD_Draw_Circle                          0x08006d51   Thumb Code   152  lcd.o(.text)
    LCD_ShowChar                             0x08006de9   Thumb Code   272  lcd.o(.text)
    LCD_Pow                                  0x08006ef9   Thumb Code    22  lcd.o(.text)
    LCD_ShowNum                              0x08006f0f   Thumb Code   180  lcd.o(.text)
    LCD_ShowxNum                             0x08006fc3   Thumb Code   190  lcd.o(.text)
    LCD_ShowString                           0x08007081   Thumb Code   102  lcd.o(.text)
    KEY_Init                                 0x080070e9   Thumb Code    82  key.o(.text)
    KEY_Scan                                 0x0800713b   Thumb Code   154  key.o(.text)
    SPI1_ReadWriteByte                       0x080071e5   Thumb Code    78  spi.o(.text)
    SPI1_Init                                0x08007233   Thumb Code   108  spi.o(.text)
    SPI1_SetSpeed                            0x0800729f   Thumb Code    26  spi.o(.text)
    SD_SPI_ReadWriteByte                     0x080072c5   Thumb Code    12  mmc_sd.o(.text)
    SD_SPI_SpeedLow                          0x080072d1   Thumb Code    10  mmc_sd.o(.text)
    SD_SPI_SpeedHigh                         0x080072db   Thumb Code    10  mmc_sd.o(.text)
    SD_SPI_Init                              0x080072e5   Thumb Code    56  mmc_sd.o(.text)
    SD_DisSelect                             0x0800731d   Thumb Code    16  mmc_sd.o(.text)
    SD_WaitReady                             0x0800732d   Thumb Code    34  mmc_sd.o(.text)
    SD_Select                                0x0800734f   Thumb Code    26  mmc_sd.o(.text)
    SD_GetResponse                           0x08007369   Thumb Code    38  mmc_sd.o(.text)
    SD_RecvData                              0x0800738f   Thumb Code    56  mmc_sd.o(.text)
    SD_SendBlock                             0x080073c7   Thumb Code    82  mmc_sd.o(.text)
    SD_SendCmd                               0x08007419   Thumb Code   120  mmc_sd.o(.text)
    SD_GetCID                                0x08007491   Thumb Code    42  mmc_sd.o(.text)
    SD_GetCSD                                0x080074bb   Thumb Code    42  mmc_sd.o(.text)
    SD_GetSectorCount                        0x080074e5   Thumb Code   118  mmc_sd.o(.text)
    SD_Initialize                            0x0800755b   Thumb Code   398  mmc_sd.o(.text)
    SD_ReadDisk                              0x080076e9   Thumb Code   112  mmc_sd.o(.text)
    SD_WriteDisk                             0x08007759   Thumb Code   140  mmc_sd.o(.text)
    SPI_Flash_ReadID                         0x080077e9   Thumb Code    64  flash.o(.text)
    SPI_Flash_Init                           0x08007829   Thumb Code    64  flash.o(.text)
    SPI_Flash_ReadSR                         0x08007869   Thumb Code    36  flash.o(.text)
    SPI_FLASH_Write_SR                       0x0800788d   Thumb Code    32  flash.o(.text)
    SPI_FLASH_Write_Enable                   0x080078ad   Thumb Code    24  flash.o(.text)
    SPI_FLASH_Write_Disable                  0x080078c5   Thumb Code    24  flash.o(.text)
    SPI_Flash_Read                           0x080078dd   Thumb Code    74  flash.o(.text)
    SPI_Flash_Wait_Busy                      0x08007927   Thumb Code    18  flash.o(.text)
    SPI_Flash_Write_Page                     0x08007939   Thumb Code    80  flash.o(.text)
    SPI_Flash_Write_NoCheck                  0x08007989   Thumb Code    70  flash.o(.text)
    SPI_Flash_Erase_Sector                   0x080079cf   Thumb Code    62  flash.o(.text)
    SPI_Flash_Write                          0x08007a0d   Thumb Code   176  flash.o(.text)
    SPI_Flash_Erase_Chip                     0x08007abd   Thumb Code    36  flash.o(.text)
    SPI_Flash_PowerDown                      0x08007ae1   Thumb Code    30  flash.o(.text)
    SPI_Flash_WAKEUP                         0x08007aff   Thumb Code    30  flash.o(.text)
    NMEA_Comma_Pos                           0x08007b31   Thumb Code    50  gps.o(.text)
    NMEA_Pow                                 0x08007b63   Thumb Code    22  gps.o(.text)
    NMEA_Str2num                             0x08007b79   Thumb Code   234  gps.o(.text)
    NMEA_GPGSV_Analysis                      0x08007c63   Thumb Code   290  gps.o(.text)
    NMEA_BDGSV_Analysis                      0x08007d85   Thumb Code   298  gps.o(.text)
    NMEA_GNGGA_Analysis                      0x08007eaf   Thumb Code    96  gps.o(.text)
    NMEA_GNGSA_Analysis                      0x08007f0f   Thumb Code   176  gps.o(.text)
    NMEA_GNRMC_Analysis                      0x08007fbf   Thumb Code   580  gps.o(.text)
    NMEA_GNVTG_Analysis                      0x08008203   Thumb Code    78  gps.o(.text)
    GPS_Analysis                             0x08008251   Thumb Code    16  gps.o(.text)
    SkyTra_Cfg_Ack_Check                     0x08008261   Thumb Code   100  gps.o(.text)
    SkyTra_Send_Date                         0x080082c5   Thumb Code    40  gps.o(.text)
    SkyTra_Cfg_Prt                           0x080082ed   Thumb Code    86  gps.o(.text)
    SkyTra_Cfg_Tp                            0x08008343   Thumb Code   126  gps.o(.text)
    SkyTra_Cfg_Rate                          0x080083c1   Thumb Code    60  gps.o(.text)
    TIM4_Set                                 0x0800841d   Thumb Code    34  usart2.o(.text)
    USART3_IRQHandler                        0x0800843f   Thumb Code    84  usart2.o(.text)
    TIM4_Init                                0x08008493   Thumb Code    82  usart2.o(.text)
    USART3_Init                              0x080084e5   Thumb Code   192  usart2.o(.text)
    UART_DMA_Enable                          0x080085a5   Thumb Code    32  usart2.o(.text)
    u2_printf                                0x080085c5   Thumb Code    56  usart2.o(.text)
    TIM4_IRQHandler                          0x080085fd   Thumb Code    40  usart2.o(.text)
    UART_DMA_Config                          0x08008625   Thumb Code    72  usart2.o(.text)
    use_gpiob_usart3                         0x0800866d   Thumb Code    86  usart2.o(.text)
    use_gpiob_io                             0x080086c3   Thumb Code    62  usart2.o(.text)
    delay_init                               0x0800871d   Thumb Code    50  delay.o(.text)
    delay_us                                 0x0800874f   Thumb Code    72  delay.o(.text)
    delay_ms                                 0x08008797   Thumb Code    72  delay.o(.text)
    _sys_exit                                0x080087f1   Thumb Code     6  usart.o(.text)
    fputc                                    0x080087f7   Thumb Code    24  usart.o(.text)
    uart_init                                0x0800880f   Thumb Code   152  usart.o(.text)
    Reset_Handler                            0x080088b1   Thumb Code     8  startup_stm32f10x_hd.o(.text)
    ADC1_2_IRQHandler                        0x080088cb   Thumb Code     0  startup_stm32f10x_hd.o(.text)
    ADC3_IRQHandler                          0x080088cb   Thumb Code     0  startup_stm32f10x_hd.o(.text)
    CAN1_RX1_IRQHandler                      0x080088cb   Thumb Code     0  startup_stm32f10x_hd.o(.text)
    CAN1_SCE_IRQHandler                      0x080088cb   Thumb Code     0  startup_stm32f10x_hd.o(.text)
    DMA1_Channel1_IRQHandler                 0x080088cb   Thumb Code     0  startup_stm32f10x_hd.o(.text)
    DMA1_Channel2_IRQHandler                 0x080088cb   Thumb Code     0  startup_stm32f10x_hd.o(.text)
    DMA1_Channel3_IRQHandler                 0x080088cb   Thumb Code     0  startup_stm32f10x_hd.o(.text)
    DMA1_Channel4_IRQHandler                 0x080088cb   Thumb Code     0  startup_stm32f10x_hd.o(.text)
    DMA1_Channel5_IRQHandler                 0x080088cb   Thumb Code     0  startup_stm32f10x_hd.o(.text)
    DMA1_Channel6_IRQHandler                 0x080088cb   Thumb Code     0  startup_stm32f10x_hd.o(.text)
    DMA1_Channel7_IRQHandler                 0x080088cb   Thumb Code     0  startup_stm32f10x_hd.o(.text)
    DMA2_Channel1_IRQHandler                 0x080088cb   Thumb Code     0  startup_stm32f10x_hd.o(.text)
    DMA2_Channel2_IRQHandler                 0x080088cb   Thumb Code     0  startup_stm32f10x_hd.o(.text)
    DMA2_Channel3_IRQHandler                 0x080088cb   Thumb Code     0  startup_stm32f10x_hd.o(.text)
    DMA2_Channel4_5_IRQHandler               0x080088cb   Thumb Code     0  startup_stm32f10x_hd.o(.text)
    EXTI0_IRQHandler                         0x080088cb   Thumb Code     0  startup_stm32f10x_hd.o(.text)
    EXTI15_10_IRQHandler                     0x080088cb   Thumb Code     0  startup_stm32f10x_hd.o(.text)
    EXTI1_IRQHandler                         0x080088cb   Thumb Code     0  startup_stm32f10x_hd.o(.text)
    EXTI2_IRQHandler                         0x080088cb   Thumb Code     0  startup_stm32f10x_hd.o(.text)
    EXTI3_IRQHandler                         0x080088cb   Thumb Code     0  startup_stm32f10x_hd.o(.text)
    EXTI4_IRQHandler                         0x080088cb   Thumb Code     0  startup_stm32f10x_hd.o(.text)
    EXTI9_5_IRQHandler                       0x080088cb   Thumb Code     0  startup_stm32f10x_hd.o(.text)
    FLASH_IRQHandler                         0x080088cb   Thumb Code     0  startup_stm32f10x_hd.o(.text)
    FSMC_IRQHandler                          0x080088cb   Thumb Code     0  startup_stm32f10x_hd.o(.text)
    I2C1_ER_IRQHandler                       0x080088cb   Thumb Code     0  startup_stm32f10x_hd.o(.text)
    I2C1_EV_IRQHandler                       0x080088cb   Thumb Code     0  startup_stm32f10x_hd.o(.text)
    I2C2_ER_IRQHandler                       0x080088cb   Thumb Code     0  startup_stm32f10x_hd.o(.text)
    I2C2_EV_IRQHandler                       0x080088cb   Thumb Code     0  startup_stm32f10x_hd.o(.text)
    PVD_IRQHandler                           0x080088cb   Thumb Code     0  startup_stm32f10x_hd.o(.text)
    RCC_IRQHandler                           0x080088cb   Thumb Code     0  startup_stm32f10x_hd.o(.text)
    RTCAlarm_IRQHandler                      0x080088cb   Thumb Code     0  startup_stm32f10x_hd.o(.text)
    RTC_IRQHandler                           0x080088cb   Thumb Code     0  startup_stm32f10x_hd.o(.text)
    SDIO_IRQHandler                          0x080088cb   Thumb Code     0  startup_stm32f10x_hd.o(.text)
    SPI1_IRQHandler                          0x080088cb   Thumb Code     0  startup_stm32f10x_hd.o(.text)
    SPI2_IRQHandler                          0x080088cb   Thumb Code     0  startup_stm32f10x_hd.o(.text)
    SPI3_IRQHandler                          0x080088cb   Thumb Code     0  startup_stm32f10x_hd.o(.text)
    TAMPER_IRQHandler                        0x080088cb   Thumb Code     0  startup_stm32f10x_hd.o(.text)
    TIM1_BRK_IRQHandler                      0x080088cb   Thumb Code     0  startup_stm32f10x_hd.o(.text)
    TIM1_CC_IRQHandler                       0x080088cb   Thumb Code     0  startup_stm32f10x_hd.o(.text)
    TIM1_TRG_COM_IRQHandler                  0x080088cb   Thumb Code     0  startup_stm32f10x_hd.o(.text)
    TIM1_UP_IRQHandler                       0x080088cb   Thumb Code     0  startup_stm32f10x_hd.o(.text)
    TIM2_IRQHandler                          0x080088cb   Thumb Code     0  startup_stm32f10x_hd.o(.text)
    TIM3_IRQHandler                          0x080088cb   Thumb Code     0  startup_stm32f10x_hd.o(.text)
    TIM5_IRQHandler                          0x080088cb   Thumb Code     0  startup_stm32f10x_hd.o(.text)
    TIM6_IRQHandler                          0x080088cb   Thumb Code     0  startup_stm32f10x_hd.o(.text)
    TIM7_IRQHandler                          0x080088cb   Thumb Code     0  startup_stm32f10x_hd.o(.text)
    TIM8_BRK_IRQHandler                      0x080088cb   Thumb Code     0  startup_stm32f10x_hd.o(.text)
    TIM8_CC_IRQHandler                       0x080088cb   Thumb Code     0  startup_stm32f10x_hd.o(.text)
    TIM8_TRG_COM_IRQHandler                  0x080088cb   Thumb Code     0  startup_stm32f10x_hd.o(.text)
    TIM8_UP_IRQHandler                       0x080088cb   Thumb Code     0  startup_stm32f10x_hd.o(.text)
    UART4_IRQHandler                         0x080088cb   Thumb Code     0  startup_stm32f10x_hd.o(.text)
    UART5_IRQHandler                         0x080088cb   Thumb Code     0  startup_stm32f10x_hd.o(.text)
    USART1_IRQHandler                        0x080088cb   Thumb Code     0  startup_stm32f10x_hd.o(.text)
    USART2_IRQHandler                        0x080088cb   Thumb Code     0  startup_stm32f10x_hd.o(.text)
    USBWakeUp_IRQHandler                     0x080088cb   Thumb Code     0  startup_stm32f10x_hd.o(.text)
    USB_HP_CAN1_TX_IRQHandler                0x080088cb   Thumb Code     0  startup_stm32f10x_hd.o(.text)
    USB_LP_CAN1_RX0_IRQHandler               0x080088cb   Thumb Code     0  startup_stm32f10x_hd.o(.text)
    WWDG_IRQHandler                          0x080088cb   Thumb Code     0  startup_stm32f10x_hd.o(.text)
    __user_initial_stackheap                 0x080088cd   Thumb Code     0  startup_stm32f10x_hd.o(.text)
    GPIO_DeInit                              0x080088f1   Thumb Code   172  stm32f10x_gpio.o(.text)
    GPIO_AFIODeInit                          0x0800899d   Thumb Code    20  stm32f10x_gpio.o(.text)
    GPIO_Init                                0x080089b1   Thumb Code   278  stm32f10x_gpio.o(.text)
    GPIO_StructInit                          0x08008ac7   Thumb Code    16  stm32f10x_gpio.o(.text)
    GPIO_ReadInputDataBit                    0x08008ad7   Thumb Code    18  stm32f10x_gpio.o(.text)
    GPIO_ReadInputData                       0x08008ae9   Thumb Code     8  stm32f10x_gpio.o(.text)
    GPIO_ReadOutputDataBit                   0x08008af1   Thumb Code    18  stm32f10x_gpio.o(.text)
    GPIO_ReadOutputData                      0x08008b03   Thumb Code     8  stm32f10x_gpio.o(.text)
    GPIO_SetBits                             0x08008b0b   Thumb Code     4  stm32f10x_gpio.o(.text)
    GPIO_ResetBits                           0x08008b0f   Thumb Code     4  stm32f10x_gpio.o(.text)
    GPIO_WriteBit                            0x08008b13   Thumb Code    10  stm32f10x_gpio.o(.text)
    GPIO_Write                               0x08008b1d   Thumb Code     4  stm32f10x_gpio.o(.text)
    GPIO_PinLockConfig                       0x08008b21   Thumb Code    18  stm32f10x_gpio.o(.text)
    GPIO_EventOutputConfig                   0x08008b33   Thumb Code    26  stm32f10x_gpio.o(.text)
    GPIO_EventOutputCmd                      0x08008b4d   Thumb Code     6  stm32f10x_gpio.o(.text)
    GPIO_PinRemapConfig                      0x08008b53   Thumb Code   138  stm32f10x_gpio.o(.text)
    GPIO_EXTILineConfig                      0x08008bdd   Thumb Code    66  stm32f10x_gpio.o(.text)
    GPIO_ETH_MediaInterfaceConfig            0x08008c1f   Thumb Code     8  stm32f10x_gpio.o(.text)
    RCC_DeInit                               0x08008c4d   Thumb Code    64  stm32f10x_rcc.o(.text)
    RCC_HSEConfig                            0x08008c8d   Thumb Code    70  stm32f10x_rcc.o(.text)
    RCC_GetFlagStatus                        0x08008cd3   Thumb Code    56  stm32f10x_rcc.o(.text)
    RCC_WaitForHSEStartUp                    0x08008d0b   Thumb Code    56  stm32f10x_rcc.o(.text)
    RCC_AdjustHSICalibrationValue            0x08008d43   Thumb Code    20  stm32f10x_rcc.o(.text)
    RCC_HSICmd                               0x08008d57   Thumb Code     6  stm32f10x_rcc.o(.text)
    RCC_PLLConfig                            0x08008d5d   Thumb Code    24  stm32f10x_rcc.o(.text)
    RCC_PLLCmd                               0x08008d75   Thumb Code     6  stm32f10x_rcc.o(.text)
    RCC_SYSCLKConfig                         0x08008d7b   Thumb Code    18  stm32f10x_rcc.o(.text)
    RCC_GetSYSCLKSource                      0x08008d8d   Thumb Code    10  stm32f10x_rcc.o(.text)
    RCC_HCLKConfig                           0x08008d97   Thumb Code    18  stm32f10x_rcc.o(.text)
    RCC_PCLK1Config                          0x08008da9   Thumb Code    18  stm32f10x_rcc.o(.text)
    RCC_PCLK2Config                          0x08008dbb   Thumb Code    20  stm32f10x_rcc.o(.text)
    RCC_ITConfig                             0x08008dcf   Thumb Code    26  stm32f10x_rcc.o(.text)
    RCC_USBCLKConfig                         0x08008de9   Thumb Code     8  stm32f10x_rcc.o(.text)
    RCC_ADCCLKConfig                         0x08008df1   Thumb Code    18  stm32f10x_rcc.o(.text)
    RCC_LSEConfig                            0x08008e03   Thumb Code    50  stm32f10x_rcc.o(.text)
    RCC_LSICmd                               0x08008e35   Thumb Code     6  stm32f10x_rcc.o(.text)
    RCC_RTCCLKConfig                         0x08008e3b   Thumb Code    12  stm32f10x_rcc.o(.text)
    RCC_RTCCLKCmd                            0x08008e47   Thumb Code     8  stm32f10x_rcc.o(.text)
    RCC_GetClocksFreq                        0x08008e4f   Thumb Code   192  stm32f10x_rcc.o(.text)
    RCC_AHBPeriphClockCmd                    0x08008f0f   Thumb Code    26  stm32f10x_rcc.o(.text)
    RCC_APB2PeriphClockCmd                   0x08008f29   Thumb Code    26  stm32f10x_rcc.o(.text)
    RCC_APB1PeriphClockCmd                   0x08008f43   Thumb Code    26  stm32f10x_rcc.o(.text)
    RCC_APB2PeriphResetCmd                   0x08008f5d   Thumb Code    26  stm32f10x_rcc.o(.text)
    RCC_APB1PeriphResetCmd                   0x08008f77   Thumb Code    26  stm32f10x_rcc.o(.text)
    RCC_BackupResetCmd                       0x08008f91   Thumb Code     8  stm32f10x_rcc.o(.text)
    RCC_ClockSecuritySystemCmd               0x08008f99   Thumb Code     6  stm32f10x_rcc.o(.text)
    RCC_MCOConfig                            0x08008f9f   Thumb Code     6  stm32f10x_rcc.o(.text)
    RCC_ClearFlag                            0x08008fa5   Thumb Code    14  stm32f10x_rcc.o(.text)
    RCC_GetITStatus                          0x08008fb3   Thumb Code    20  stm32f10x_rcc.o(.text)
    RCC_ClearITPendingBit                    0x08008fc7   Thumb Code     6  stm32f10x_rcc.o(.text)
    USART_DeInit                             0x08008ff1   Thumb Code   134  stm32f10x_usart.o(.text)
    USART_Init                               0x08009077   Thumb Code   210  stm32f10x_usart.o(.text)
    USART_StructInit                         0x08009149   Thumb Code    24  stm32f10x_usart.o(.text)
    USART_ClockInit                          0x08009161   Thumb Code    34  stm32f10x_usart.o(.text)
    USART_ClockStructInit                    0x08009183   Thumb Code    12  stm32f10x_usart.o(.text)
    USART_Cmd                                0x0800918f   Thumb Code    24  stm32f10x_usart.o(.text)
    USART_ITConfig                           0x080091a7   Thumb Code    74  stm32f10x_usart.o(.text)
    USART_DMACmd                             0x080091f1   Thumb Code    18  stm32f10x_usart.o(.text)
    USART_SetAddress                         0x08009203   Thumb Code    18  stm32f10x_usart.o(.text)
    USART_WakeUpConfig                       0x08009215   Thumb Code    18  stm32f10x_usart.o(.text)
    USART_ReceiverWakeUpCmd                  0x08009227   Thumb Code    24  stm32f10x_usart.o(.text)
    USART_LINBreakDetectLengthConfig         0x0800923f   Thumb Code    18  stm32f10x_usart.o(.text)
    USART_LINCmd                             0x08009251   Thumb Code    24  stm32f10x_usart.o(.text)
    USART_SendData                           0x08009269   Thumb Code     8  stm32f10x_usart.o(.text)
    USART_ReceiveData                        0x08009271   Thumb Code    10  stm32f10x_usart.o(.text)
    USART_SendBreak                          0x0800927b   Thumb Code    10  stm32f10x_usart.o(.text)
    USART_SetGuardTime                       0x08009285   Thumb Code    16  stm32f10x_usart.o(.text)
    USART_SetPrescaler                       0x08009295   Thumb Code    16  stm32f10x_usart.o(.text)
    USART_SmartCardCmd                       0x080092a5   Thumb Code    24  stm32f10x_usart.o(.text)
    USART_SmartCardNACKCmd                   0x080092bd   Thumb Code    24  stm32f10x_usart.o(.text)
    USART_HalfDuplexCmd                      0x080092d5   Thumb Code    24  stm32f10x_usart.o(.text)
    USART_OverSampling8Cmd                   0x080092ed   Thumb Code    22  stm32f10x_usart.o(.text)
    USART_OneBitMethodCmd                    0x08009303   Thumb Code    24  stm32f10x_usart.o(.text)
    USART_IrDAConfig                         0x0800931b   Thumb Code    18  stm32f10x_usart.o(.text)
    USART_IrDACmd                            0x0800932d   Thumb Code    24  stm32f10x_usart.o(.text)
    USART_GetFlagStatus                      0x08009345   Thumb Code    26  stm32f10x_usart.o(.text)
    USART_ClearFlag                          0x0800935f   Thumb Code    18  stm32f10x_usart.o(.text)
    USART_GetITStatus                        0x08009371   Thumb Code    84  stm32f10x_usart.o(.text)
    USART_ClearITPendingBit                  0x080093c5   Thumb Code    52  stm32f10x_usart.o(.text)
    NVIC_PriorityGroupConfig                 0x080093f9   Thumb Code    10  misc.o(.text)
    NVIC_Init                                0x08009403   Thumb Code   100  misc.o(.text)
    NVIC_SetVectorTable                      0x08009467   Thumb Code    14  misc.o(.text)
    NVIC_SystemLPConfig                      0x08009475   Thumb Code    34  misc.o(.text)
    SysTick_CLKSourceConfig                  0x08009497   Thumb Code    40  misc.o(.text)
    SPI_I2S_DeInit                           0x080094d5   Thumb Code    76  stm32f10x_spi.o(.text)
    SPI_Init                                 0x08009521   Thumb Code    60  stm32f10x_spi.o(.text)
    I2S_Init                                 0x0800955d   Thumb Code   226  stm32f10x_spi.o(.text)
    SPI_StructInit                           0x0800963f   Thumb Code    24  stm32f10x_spi.o(.text)
    I2S_StructInit                           0x08009657   Thumb Code    20  stm32f10x_spi.o(.text)
    SPI_Cmd                                  0x0800966b   Thumb Code    24  stm32f10x_spi.o(.text)
    I2S_Cmd                                  0x08009683   Thumb Code    24  stm32f10x_spi.o(.text)
    SPI_I2S_ITConfig                         0x0800969b   Thumb Code    32  stm32f10x_spi.o(.text)
    SPI_I2S_DMACmd                           0x080096bb   Thumb Code    18  stm32f10x_spi.o(.text)
    SPI_I2S_SendData                         0x080096cd   Thumb Code     4  stm32f10x_spi.o(.text)
    SPI_I2S_ReceiveData                      0x080096d1   Thumb Code     6  stm32f10x_spi.o(.text)
    SPI_NSSInternalSoftwareConfig            0x080096d7   Thumb Code    30  stm32f10x_spi.o(.text)
    SPI_SSOutputCmd                          0x080096f5   Thumb Code    24  stm32f10x_spi.o(.text)
    SPI_DataSizeConfig                       0x0800970d   Thumb Code    18  stm32f10x_spi.o(.text)
    SPI_TransmitCRC                          0x0800971f   Thumb Code    10  stm32f10x_spi.o(.text)
    SPI_CalculateCRC                         0x08009729   Thumb Code    24  stm32f10x_spi.o(.text)
    SPI_GetCRC                               0x08009741   Thumb Code    16  stm32f10x_spi.o(.text)
    SPI_GetCRCPolynomial                     0x08009751   Thumb Code     6  stm32f10x_spi.o(.text)
    SPI_BiDirectionalLineConfig              0x08009757   Thumb Code    28  stm32f10x_spi.o(.text)
    SPI_I2S_GetFlagStatus                    0x08009773   Thumb Code    18  stm32f10x_spi.o(.text)
    SPI_I2S_ClearFlag                        0x08009785   Thumb Code     6  stm32f10x_spi.o(.text)
    SPI_I2S_GetITStatus                      0x0800978b   Thumb Code    52  stm32f10x_spi.o(.text)
    SPI_I2S_ClearITPendingBit                0x080097bf   Thumb Code    20  stm32f10x_spi.o(.text)
    TIM_DeInit                               0x080097e1   Thumb Code   424  stm32f10x_tim.o(.text)
    TIM_TimeBaseInit                         0x08009989   Thumb Code   122  stm32f10x_tim.o(.text)
    TIM_OC1Init                              0x08009a03   Thumb Code   132  stm32f10x_tim.o(.text)
    TIM_OC2Init                              0x08009a87   Thumb Code   154  stm32f10x_tim.o(.text)
    TIM_OC3Init                              0x08009b21   Thumb Code   150  stm32f10x_tim.o(.text)
    TIM_OC4Init                              0x08009bb7   Thumb Code   182  stm32f10x_tim.o(.text)
    TIM_SetIC4Prescaler                      0x08009c6d   Thumb Code    26  stm32f10x_tim.o(.text)
    TIM_SetIC3Prescaler                      0x08009d09   Thumb Code    18  stm32f10x_tim.o(.text)
    TIM_SetIC2Prescaler                      0x08009d95   Thumb Code    26  stm32f10x_tim.o(.text)
    TIM_SetIC1Prescaler                      0x08009e31   Thumb Code    18  stm32f10x_tim.o(.text)
    TIM_ICInit                               0x08009eaf   Thumb Code   150  stm32f10x_tim.o(.text)
    TIM_PWMIConfig                           0x08009f45   Thumb Code   124  stm32f10x_tim.o(.text)
    TIM_BDTRConfig                           0x08009fc1   Thumb Code    32  stm32f10x_tim.o(.text)
    TIM_TimeBaseStructInit                   0x08009fe1   Thumb Code    18  stm32f10x_tim.o(.text)
    TIM_OCStructInit                         0x08009ff3   Thumb Code    20  stm32f10x_tim.o(.text)
    TIM_ICStructInit                         0x0800a007   Thumb Code    18  stm32f10x_tim.o(.text)
    TIM_BDTRStructInit                       0x0800a019   Thumb Code    40  stm32f10x_tim.o(.text)
    TIM_Cmd                                  0x0800a041   Thumb Code    24  stm32f10x_tim.o(.text)
    TIM_CtrlPWMOutputs                       0x0800a059   Thumb Code    30  stm32f10x_tim.o(.text)
    TIM_ITConfig                             0x0800a077   Thumb Code    18  stm32f10x_tim.o(.text)
    TIM_GenerateEvent                        0x0800a089   Thumb Code     4  stm32f10x_tim.o(.text)
    TIM_DMAConfig                            0x0800a08d   Thumb Code    10  stm32f10x_tim.o(.text)
    TIM_DMACmd                               0x0800a097   Thumb Code    18  stm32f10x_tim.o(.text)
    TIM_InternalClockConfig                  0x0800a0a9   Thumb Code    12  stm32f10x_tim.o(.text)
    TIM_SelectInputTrigger                   0x0800a0b5   Thumb Code    18  stm32f10x_tim.o(.text)
    TIM_ITRxExternalClockConfig              0x0800a0c7   Thumb Code    24  stm32f10x_tim.o(.text)
    TIM_TIxExternalClockConfig               0x0800a0df   Thumb Code    62  stm32f10x_tim.o(.text)
    TIM_ETRConfig                            0x0800a11d   Thumb Code    28  stm32f10x_tim.o(.text)
    TIM_ETRClockMode1Config                  0x0800a139   Thumb Code    54  stm32f10x_tim.o(.text)
    TIM_ETRClockMode2Config                  0x0800a16f   Thumb Code    32  stm32f10x_tim.o(.text)
    TIM_PrescalerConfig                      0x0800a18f   Thumb Code     6  stm32f10x_tim.o(.text)
    TIM_CounterModeConfig                    0x0800a195   Thumb Code    18  stm32f10x_tim.o(.text)
    TIM_EncoderInterfaceConfig               0x0800a1a7   Thumb Code    66  stm32f10x_tim.o(.text)
    TIM_ForcedOC1Config                      0x0800a1e9   Thumb Code    18  stm32f10x_tim.o(.text)
    TIM_ForcedOC2Config                      0x0800a1fb   Thumb Code    26  stm32f10x_tim.o(.text)
    TIM_ForcedOC3Config                      0x0800a215   Thumb Code    18  stm32f10x_tim.o(.text)
    TIM_ForcedOC4Config                      0x0800a227   Thumb Code    26  stm32f10x_tim.o(.text)
    TIM_ARRPreloadConfig                     0x0800a241   Thumb Code    24  stm32f10x_tim.o(.text)
    TIM_SelectCOM                            0x0800a259   Thumb Code    24  stm32f10x_tim.o(.text)
    TIM_SelectCCDMA                          0x0800a271   Thumb Code    24  stm32f10x_tim.o(.text)
    TIM_CCPreloadControl                     0x0800a289   Thumb Code    24  stm32f10x_tim.o(.text)
    TIM_OC1PreloadConfig                     0x0800a2a1   Thumb Code    18  stm32f10x_tim.o(.text)
    TIM_OC2PreloadConfig                     0x0800a2b3   Thumb Code    26  stm32f10x_tim.o(.text)
    TIM_OC3PreloadConfig                     0x0800a2cd   Thumb Code    18  stm32f10x_tim.o(.text)
    TIM_OC4PreloadConfig                     0x0800a2df   Thumb Code    26  stm32f10x_tim.o(.text)
    TIM_OC1FastConfig                        0x0800a2f9   Thumb Code    18  stm32f10x_tim.o(.text)
    TIM_OC2FastConfig                        0x0800a30b   Thumb Code    26  stm32f10x_tim.o(.text)
    TIM_OC3FastConfig                        0x0800a325   Thumb Code    18  stm32f10x_tim.o(.text)
    TIM_OC4FastConfig                        0x0800a337   Thumb Code    26  stm32f10x_tim.o(.text)
    TIM_ClearOC1Ref                          0x0800a351   Thumb Code    18  stm32f10x_tim.o(.text)
    TIM_ClearOC2Ref                          0x0800a363   Thumb Code    24  stm32f10x_tim.o(.text)
    TIM_ClearOC3Ref                          0x0800a37b   Thumb Code    18  stm32f10x_tim.o(.text)
    TIM_ClearOC4Ref                          0x0800a38d   Thumb Code    24  stm32f10x_tim.o(.text)
    TIM_OC1PolarityConfig                    0x0800a3a5   Thumb Code    18  stm32f10x_tim.o(.text)
    TIM_OC1NPolarityConfig                   0x0800a3b7   Thumb Code    18  stm32f10x_tim.o(.text)
    TIM_OC2PolarityConfig                    0x0800a3c9   Thumb Code    26  stm32f10x_tim.o(.text)
    TIM_OC2NPolarityConfig                   0x0800a3e3   Thumb Code    26  stm32f10x_tim.o(.text)
    TIM_OC3PolarityConfig                    0x0800a3fd   Thumb Code    26  stm32f10x_tim.o(.text)
    TIM_OC3NPolarityConfig                   0x0800a417   Thumb Code    26  stm32f10x_tim.o(.text)
    TIM_OC4PolarityConfig                    0x0800a431   Thumb Code    26  stm32f10x_tim.o(.text)
    TIM_CCxCmd                               0x0800a44b   Thumb Code    30  stm32f10x_tim.o(.text)
    TIM_CCxNCmd                              0x0800a469   Thumb Code    30  stm32f10x_tim.o(.text)
    TIM_SelectOCxM                           0x0800a487   Thumb Code    82  stm32f10x_tim.o(.text)
    TIM_UpdateDisableConfig                  0x0800a4d9   Thumb Code    24  stm32f10x_tim.o(.text)
    TIM_UpdateRequestConfig                  0x0800a4f1   Thumb Code    24  stm32f10x_tim.o(.text)
    TIM_SelectHallSensor                     0x0800a509   Thumb Code    24  stm32f10x_tim.o(.text)
    TIM_SelectOnePulseMode                   0x0800a521   Thumb Code    18  stm32f10x_tim.o(.text)
    TIM_SelectOutputTrigger                  0x0800a533   Thumb Code    18  stm32f10x_tim.o(.text)
    TIM_SelectSlaveMode                      0x0800a545   Thumb Code    18  stm32f10x_tim.o(.text)
    TIM_SelectMasterSlaveMode                0x0800a557   Thumb Code    18  stm32f10x_tim.o(.text)
    TIM_SetCounter                           0x0800a569   Thumb Code     4  stm32f10x_tim.o(.text)
    TIM_SetAutoreload                        0x0800a56d   Thumb Code     4  stm32f10x_tim.o(.text)
    TIM_SetCompare1                          0x0800a571   Thumb Code     4  stm32f10x_tim.o(.text)
    TIM_SetCompare2                          0x0800a575   Thumb Code     4  stm32f10x_tim.o(.text)
    TIM_SetCompare3                          0x0800a579   Thumb Code     4  stm32f10x_tim.o(.text)
    TIM_SetCompare4                          0x0800a57d   Thumb Code     6  stm32f10x_tim.o(.text)
    TIM_SetClockDivision                     0x0800a583   Thumb Code    18  stm32f10x_tim.o(.text)
    TIM_GetCapture1                          0x0800a595   Thumb Code     6  stm32f10x_tim.o(.text)
    TIM_GetCapture2                          0x0800a59b   Thumb Code     6  stm32f10x_tim.o(.text)
    TIM_GetCapture3                          0x0800a5a1   Thumb Code     6  stm32f10x_tim.o(.text)
    TIM_GetCapture4                          0x0800a5a7   Thumb Code     8  stm32f10x_tim.o(.text)
    TIM_GetCounter                           0x0800a5af   Thumb Code     6  stm32f10x_tim.o(.text)
    TIM_GetPrescaler                         0x0800a5b5   Thumb Code     6  stm32f10x_tim.o(.text)
    TIM_GetFlagStatus                        0x0800a5bb   Thumb Code    18  stm32f10x_tim.o(.text)
    TIM_ClearFlag                            0x0800a5cd   Thumb Code     6  stm32f10x_tim.o(.text)
    TIM_GetITStatus                          0x0800a5d3   Thumb Code    34  stm32f10x_tim.o(.text)
    TIM_ClearITPendingBit                    0x0800a5f5   Thumb Code     6  stm32f10x_tim.o(.text)
    DMA_DeInit                               0x0800a5fd   Thumb Code   324  stm32f10x_dma.o(.text)
    DMA_Init                                 0x0800a741   Thumb Code    60  stm32f10x_dma.o(.text)
    DMA_StructInit                           0x0800a77d   Thumb Code    26  stm32f10x_dma.o(.text)
    DMA_Cmd                                  0x0800a797   Thumb Code    24  stm32f10x_dma.o(.text)
    DMA_ITConfig                             0x0800a7af   Thumb Code    18  stm32f10x_dma.o(.text)
    DMA_SetCurrDataCounter                   0x0800a7c1   Thumb Code     4  stm32f10x_dma.o(.text)
    DMA_GetCurrDataCounter                   0x0800a7c5   Thumb Code     8  stm32f10x_dma.o(.text)
    DMA_GetFlagStatus                        0x0800a7cd   Thumb Code    40  stm32f10x_dma.o(.text)
    DMA_ClearFlag                            0x0800a7f5   Thumb Code    22  stm32f10x_dma.o(.text)
    DMA_GetITStatus                          0x0800a80b   Thumb Code    40  stm32f10x_dma.o(.text)
    DMA_ClearITPendingBit                    0x0800a833   Thumb Code    22  stm32f10x_dma.o(.text)
    mymemcpy                                 0x0800a851   Thumb Code    26  malloc.o(.text)
    mymemset                                 0x0800a86b   Thumb Code    20  malloc.o(.text)
    mem_init                                 0x0800a87f   Thumb Code    38  malloc.o(.text)
    mem_perused                              0x0800a8a5   Thumb Code    42  malloc.o(.text)
    mem_malloc                               0x0800a8cf   Thumb Code   116  malloc.o(.text)
    mem_free                                 0x0800a943   Thumb Code    66  malloc.o(.text)
    myfree                                   0x0800a985   Thumb Code    24  malloc.o(.text)
    mymalloc                                 0x0800a99d   Thumb Code    28  malloc.o(.text)
    myrealloc                                0x0800a9b9   Thumb Code    50  malloc.o(.text)
    exfuns_init                              0x0800a9f1   Thumb Code   100  exfuns.o(.text)
    char_upper                               0x0800aa55   Thumb Code    26  exfuns.o(.text)
    f_typetell                               0x0800aa6f   Thumb Code   188  exfuns.o(.text)
    exf_getfree                              0x0800ab2b   Thumb Code    74  exfuns.o(.text)
    disk_initialize                          0x0800ab89   Thumb Code    88  diskio.o(.text)
    disk_status                              0x0800abe1   Thumb Code     6  diskio.o(.text)
    disk_read                                0x0800abe7   Thumb Code   118  diskio.o(.text)
    disk_write                               0x0800ac5d   Thumb Code    98  diskio.o(.text)
    disk_ioctl                               0x0800acbf   Thumb Code   154  diskio.o(.text)
    get_fattime                              0x0800ad59   Thumb Code     4  diskio.o(.text)
    ff_memalloc                              0x0800ad5d   Thumb Code    12  diskio.o(.text)
    ff_memfree                               0x0800ad69   Thumb Code    12  diskio.o(.text)
    clust2sect                               0x0800af2f   Thumb Code    26  ff.o(.text)
    get_fat                                  0x0800af49   Thumb Code   232  ff.o(.text)
    put_fat                                  0x0800b031   Thumb Code   310  ff.o(.text)
    f_mount                                  0x0800c343   Thumb Code    86  ff.o(.text)
    f_open                                   0x0800c399   Thumb Code   384  ff.o(.text)
    f_read                                   0x0800c519   Thumb Code   450  ff.o(.text)
    f_write                                  0x0800c6db   Thumb Code   498  ff.o(.text)
    f_sync                                   0x0800c8cd   Thumb Code   176  ff.o(.text)
    f_close                                  0x0800c97d   Thumb Code    32  ff.o(.text)
    f_lseek                                  0x0800c99d   Thumb Code   654  ff.o(.text)
    f_opendir                                0x0800cc2b   Thumb Code   136  ff.o(.text)
    f_closedir                               0x0800ccb3   Thumb Code    22  ff.o(.text)
    f_readdir                                0x0800ccc9   Thumb Code   114  ff.o(.text)
    f_stat                                   0x0800cd3b   Thumb Code    84  ff.o(.text)
    f_getfree                                0x0800cd8f   Thumb Code   258  ff.o(.text)
    f_truncate                               0x0800ce91   Thumb Code   184  ff.o(.text)
    f_unlink                                 0x0800cf49   Thumb Code   194  ff.o(.text)
    f_mkdir                                  0x0800d00b   Thumb Code   380  ff.o(.text)
    f_chmod                                  0x0800d187   Thumb Code   112  ff.o(.text)
    f_utime                                  0x0800d1f7   Thumb Code   110  ff.o(.text)
    f_rename                                 0x0800d265   Thumb Code   314  ff.o(.text)
    f_getlabel                               0x0800d39f   Thumb Code   190  ff.o(.text)
    f_setlabel                               0x0800d45d   Thumb Code   470  ff.o(.text)
    f_mkfs                                   0x0800d633   Thumb Code  1570  ff.o(.text)
    f_gets                                   0x0800dc55   Thumb Code    82  ff.o(.text)
    f_putc                                   0x0800dceb   Thumb Code    64  ff.o(.text)
    f_puts                                   0x0800dd2b   Thumb Code    74  ff.o(.text)
    f_printf                                 0x0800dd75   Thumb Code   674  ff.o(.text)
    ff_convert                               0x0800e019   Thumb Code   116  cc936.o(.text)
    ff_wtoupper                              0x0800e08d   Thumb Code    46  cc936.o(.text)
    __use_no_semihosting                     0x0800e0cd   Thumb Code     2  use_no_semi_2.o(.text)
    __c89vsprintf                            0x0800e0d1   Thumb Code    32  c89vsprintf.o(.text)
    __2printf                                0x0800e0f5   Thumb Code    20  __2printf.o(.text)
    __2sprintf                               0x0800e10d   Thumb Code    38  __2sprintf.o(.text)
    _printf_pre_padding                      0x0800e139   Thumb Code    44  _printf_pad.o(.text)
    _printf_post_padding                     0x0800e165   Thumb Code    34  _printf_pad.o(.text)
    _printf_str                              0x0800e187   Thumb Code    82  _printf_str.o(.text)
    _printf_int_dec                          0x0800e1d9   Thumb Code   104  _printf_dec.o(.text)
    _printf_longlong_hex                     0x0800e251   Thumb Code    86  _printf_hex_int_ll_ptr.o(.text)
    _printf_int_hex                          0x0800e2a7   Thumb Code    28  _printf_hex_int_ll_ptr.o(.text)
    _printf_ll_hex                           0x0800e2c3   Thumb Code    12  _printf_hex_int_ll_ptr.o(.text)
    _printf_hex_ptr                          0x0800e2cf   Thumb Code    18  _printf_hex_int_ll_ptr.o(.text)
    __printf                                 0x0800e2e5   Thumb Code   388  __printf_flags_ss_wp.o(.text)
    atoi                                     0x0800e46d   Thumb Code    26  atoi.o(.text)
    strstr                                   0x0800e487   Thumb Code    36  strstr.o(.text)
    strcpy                                   0x0800e4ab   Thumb Code    72  strcpy.o(.text)
    strlen                                   0x0800e4f3   Thumb Code    62  strlen.o(.text)
    strcat                                   0x0800e531   Thumb Code    24  strcat.o(.text)
    __aeabi_memclr                           0x0800e549   Thumb Code     0  rt_memclr.o(.text)
    __rt_memclr                              0x0800e549   Thumb Code    68  rt_memclr.o(.text)
    _memset                                  0x0800e54d   Thumb Code     0  rt_memclr.o(.text)
    __aeabi_memclr4                          0x0800e58d   Thumb Code     0  rt_memclr_w.o(.text)
    __aeabi_memclr8                          0x0800e58d   Thumb Code     0  rt_memclr_w.o(.text)
    __rt_memclr_w                            0x0800e58d   Thumb Code    78  rt_memclr_w.o(.text)
    _memset_w                                0x0800e591   Thumb Code     0  rt_memclr_w.o(.text)
    strcmp                                   0x0800e5dd   Thumb Code   128  strcmpv7m.o(.text)
    __use_two_region_memory                  0x0800e65d   Thumb Code     2  heapauxi.o(.text)
    __rt_heap_escrow$2region                 0x0800e65f   Thumb Code     2  heapauxi.o(.text)
    __rt_heap_expand$2region                 0x0800e661   Thumb Code     2  heapauxi.o(.text)
    __I$use$semihosting                      0x0800e663   Thumb Code     0  use_no_semi.o(.text)
    __use_no_semihosting_swi                 0x0800e663   Thumb Code     2  use_no_semi.o(.text)
    __aeabi_errno_addr                       0x0800e665   Thumb Code     8  rt_errno_addr_intlibspace.o(.text)
    __errno$intlibspace                      0x0800e665   Thumb Code     0  rt_errno_addr_intlibspace.o(.text)
    __rt_errno_addr$intlibspace              0x0800e665   Thumb Code     0  rt_errno_addr_intlibspace.o(.text)
    _printf_truncate_signed                  0x0800e66d   Thumb Code    18  _printf_truncate.o(.text)
    _printf_truncate_unsigned                0x0800e67f   Thumb Code    18  _printf_truncate.o(.text)
    _printf_int_common                       0x0800e691   Thumb Code   178  _printf_intcommon.o(.text)
    _printf_charcount                        0x0800e743   Thumb Code    40  _printf_charcount.o(.text)
    __lib_sel_fp_printf                      0x0800e76b   Thumb Code     2  _printf_fp_dec.o(.text)
    _printf_fp_dec_real                      0x0800e91d   Thumb Code   620  _printf_fp_dec.o(.text)
    _printf_char_common                      0x0800eb93   Thumb Code    32  _printf_char_common.o(.text)
    _sputc                                   0x0800ebb9   Thumb Code    10  _sputc.o(.text)
    _printf_cs_common                        0x0800ebc3   Thumb Code    20  _printf_char.o(.text)
    _printf_char                             0x0800ebd7   Thumb Code    16  _printf_char.o(.text)
    _printf_string                           0x0800ebe7   Thumb Code     8  _printf_char.o(.text)
    _printf_char_file                        0x0800ebf1   Thumb Code    32  _printf_char_file.o(.text)
    _printf_wctomb                           0x0800ec15   Thumb Code   182  _printf_wctomb.o(.text)
    _printf_longlong_dec                     0x0800ecd1   Thumb Code   108  _printf_longlong_dec.o(.text)
    _printf_longlong_oct                     0x0800ed4d   Thumb Code    66  _printf_oct_int_ll.o(.text)
    _printf_int_oct                          0x0800ed8f   Thumb Code    24  _printf_oct_int_ll.o(.text)
    _printf_ll_oct                           0x0800eda7   Thumb Code    12  _printf_oct_int_ll.o(.text)
    strtol                                   0x0800edbd   Thumb Code   112  strtol.o(.text)
    __user_libspace                          0x0800ee2d   Thumb Code     8  libspace.o(.text)
    __user_perproc_libspace                  0x0800ee2d   Thumb Code     0  libspace.o(.text)
    __user_perthread_libspace                0x0800ee2d   Thumb Code     0  libspace.o(.text)
    __rt_ctype_table                         0x0800ee35   Thumb Code    16  rt_ctype_table.o(.text)
    __rt_locale                              0x0800ee45   Thumb Code     8  rt_locale_intlibspace.o(.text)
    _ll_udiv10                               0x0800ee4d   Thumb Code   138  lludiv10.o(.text)
    _printf_fp_infnan                        0x0800eed9   Thumb Code   112  _printf_fp_infnan.o(.text)
    _printf_lcs_common                       0x0800ef59   Thumb Code    20  _printf_wchar.o(.text)
    _printf_wchar                            0x0800ef6d   Thumb Code    16  _printf_wchar.o(.text)
    _printf_wstring                          0x0800ef7d   Thumb Code     8  _printf_wchar.o(.text)
    _strtoul                                 0x0800ef85   Thumb Code   158  _strtoul.o(.text)
    _btod_etento                             0x0800f025   Thumb Code   224  bigflt0.o(.text)
    ferror                                   0x0800f109   Thumb Code     8  ferror.o(.text)
    _wcrtomb                                 0x0800f111   Thumb Code    64  _wcrtomb.o(.text)
    __user_setup_stackheap                   0x0800f151   Thumb Code    74  sys_stackheap_outer.o(.text)
    _chval                                   0x0800f19b   Thumb Code    28  _chval.o(.text)
    exit                                     0x0800f1b7   Thumb Code    18  exit.o(.text)
    _btod_d2e                                0x0800f1c9   Thumb Code    62  btod.o(CL$$btod_d2e)
    _d2e_denorm_low                          0x0800f207   Thumb Code    70  btod.o(CL$$btod_d2e_denorm_low)
    _d2e_norm_op1                            0x0800f24d   Thumb Code    96  btod.o(CL$$btod_d2e_norm_op1)
    __btod_div_common                        0x0800f2ad   Thumb Code   696  btod.o(CL$$btod_div_common)
    _e2e                                     0x0800f5e5   Thumb Code   220  btod.o(CL$$btod_e2e)
    _btod_ediv                               0x0800f6c1   Thumb Code    42  btod.o(CL$$btod_ediv)
    _btod_emul                               0x0800f6eb   Thumb Code    42  btod.o(CL$$btod_emul)
    __btod_mult_common                       0x0800f715   Thumb Code   580  btod.o(CL$$btod_mult_common)
    __ARM_fpclassify                         0x0800f959   Thumb Code    40  fpclassify.o(i.__ARM_fpclassify)
    _is_digit                                0x0800f981   Thumb Code    14  __printf_wp.o(i._is_digit)
    _get_lc_numeric                          0x0800f991   Thumb Code    44  lc_numeric_c.o(locale$$code)
    _get_lc_ctype                            0x0800f9bd   Thumb Code    44  lc_ctype_c.o(locale$$code)
    __aeabi_d2f                              0x0800f9e9   Thumb Code     0  d2f.o(x$fpl$d2f)
    _d2f                                     0x0800f9e9   Thumb Code    98  d2f.o(x$fpl$d2f)
    __aeabi_d2uiz                            0x0800fa4d   Thumb Code     0  dfixu.o(x$fpl$dfixu)
    _dfixu                                   0x0800fa4d   Thumb Code    90  dfixu.o(x$fpl$dfixu)
    __aeabi_ui2d                             0x0800faa7   Thumb Code     0  dflt_clz.o(x$fpl$dfltu)
    _dfltu                                   0x0800faa7   Thumb Code    38  dflt_clz.o(x$fpl$dfltu)
    __aeabi_dmul                             0x0800facd   Thumb Code     0  dmul.o(x$fpl$dmul)
    _dmul                                    0x0800facd   Thumb Code   332  dmul.o(x$fpl$dmul)
    __fpl_dnaninf                            0x0800fc21   Thumb Code   156  dnaninf.o(x$fpl$dnaninf)
    __fpl_dretinf                            0x0800fcbd   Thumb Code    12  dretinf.o(x$fpl$dretinf)
    __aeabi_f2d                              0x0800fcc9   Thumb Code     0  f2d.o(x$fpl$f2d)
    _f2d                                     0x0800fcc9   Thumb Code    86  f2d.o(x$fpl$f2d)
    __aeabi_fadd                             0x0800fd21   Thumb Code     0  faddsub_clz.o(x$fpl$fadd)
    _fadd                                    0x0800fd21   Thumb Code   196  faddsub_clz.o(x$fpl$fadd)
    __aeabi_fdiv                             0x0800fde5   Thumb Code     0  fdiv.o(x$fpl$fdiv)
    _fdiv                                    0x0800fde5   Thumb Code   384  fdiv.o(x$fpl$fdiv)
    __aeabi_f2iz                             0x0800ff69   Thumb Code     0  ffix.o(x$fpl$ffix)
    _ffix                                    0x0800ff69   Thumb Code    54  ffix.o(x$fpl$ffix)
    __aeabi_f2uiz                            0x0800ffa1   Thumb Code     0  ffixu.o(x$fpl$ffixu)
    _ffixu                                   0x0800ffa1   Thumb Code    62  ffixu.o(x$fpl$ffixu)
    __aeabi_i2f                              0x0800ffe1   Thumb Code     0  fflt_clz.o(x$fpl$fflt)
    _fflt                                    0x0800ffe1   Thumb Code    48  fflt_clz.o(x$fpl$fflt)
    __aeabi_ui2f                             0x08010011   Thumb Code     0  fflt_clz.o(x$fpl$ffltu)
    _ffltu                                   0x08010011   Thumb Code    38  fflt_clz.o(x$fpl$ffltu)
    __aeabi_fmul                             0x08010039   Thumb Code     0  fmul.o(x$fpl$fmul)
    _fmul                                    0x08010039   Thumb Code   258  fmul.o(x$fpl$fmul)
    __fpl_fnaninf                            0x0801013b   Thumb Code   140  fnaninf.o(x$fpl$fnaninf)
    __fpl_fretinf                            0x080101c7   Thumb Code    10  fretinf.o(x$fpl$fretinf)
    __aeabi_fsub                             0x080101d1   Thumb Code     0  faddsub_clz.o(x$fpl$fsub)
    _fsub                                    0x080101d1   Thumb Code   234  faddsub_clz.o(x$fpl$fsub)
    _printf_fp_dec                           0x080102bb   Thumb Code     4  printf1.o(x$fpl$printf1)
    __I$use$fp                               0x080102be   Number         0  usenofp.o(x$fpl$usenofp)
    asc2_1206                                0x080102be   Data        1140  lcd.o(.constdata)
    asc2_1608                                0x08010732   Data        1520  lcd.o(.constdata)
    asc2_2412                                0x08010d22   Data        3420  lcd.o(.constdata)
    BAUD_id                                  0x08011a80   Data          36  gps.o(.constdata)
    Region$$Table$$Base                      0x0803c8e0   Number         0  anon$$obj.o(Region$$Table)
    Region$$Table$$Limit                     0x0803c900   Number         0  anon$$obj.o(Region$$Table)
    __ctype                                  0x0803c929   Data           0  lc_ctype_c.o(locale$$data)
    res                                      0x20000000   Data           1  main.o(.data)
    bww                                      0x20000004   Data           4  main.o(.data)
    SystemCoreClock                          0x20000008   Data           4  system_stm32f10x.o(.data)
    AHBPrescTable                            0x2000000c   Data          16  system_stm32f10x.o(.data)
    POINT_COLOR                              0x2000001c   Data           2  lcd.o(.data)
    BACK_COLOR                               0x2000001e   Data           2  lcd.o(.data)
    SD_Type                                  0x20000021   Data           1  mmc_sd.o(.data)
    SPI_FLASH_TYPE                           0x20000022   Data           2  flash.o(.data)
    USART3_RX_STA                            0x20000024   Data           2  usart2.o(.data)
    __stdout                                 0x2000002c   Data           4  usart.o(.data)
    USART_RX_STA                             0x20000030   Data           2  usart.o(.data)
    mallco_dev                               0x20000048   Data          20  malloc.o(.data)
    FILE_TYPE_TBL                            0x2000005c   Data         312  exfuns.o(.data)
    fs                                       0x20000194   Data           8  exfuns.o(.data)
    file                                     0x2000019c   Data           4  exfuns.o(.data)
    ftemp                                    0x200001a0   Data           4  exfuns.o(.data)
    br                                       0x200001a4   Data           4  exfuns.o(.data)
    bw                                       0x200001a8   Data           4  exfuns.o(.data)
    fatbuf                                   0x200001ac   Data           4  exfuns.o(.data)
    FLASH_SECTOR_COUNT                       0x200001b0   Data           2  diskio.o(.data)
    fil                                      0x200001c0   Data         552  main.o(.bss)
    buf                                      0x200003e8   Data         100  main.o(.bss)
    gpsx                                     0x2000044c   Data         166  route.o(.bss)
    route                                    0x200004f2   Data         391  route.o(.bss)
    dtbuf                                    0x20000679   Data          50  route.o(.bss)
    lcddev                                   0x200006cc   Data          14  lcd.o(.bss)
    SPI_InitStructure                        0x200006da   Data          18  spi.o(.bss)
    SPI_FLASH_BUF                            0x200006ec   Data        4096  flash.o(.bss)
    USART3_TX_BUF                            0x200016f0   Data          10  usart2.o(.bss)
    USART3_RX_BUF                            0x200016fa   Data        1024  usart2.o(.bss)
    USART_RX_BUF                             0x20001afa   Data         200  usart.o(.bss)
    USART1_TX_BUF                            0x20001bc2   Data        1024  usart.o(.bss)
    membase                                  0x20001fc4   Data       35840  malloc.o(.bss)
    memmapbase                               0x2000abc4   Data        2240  malloc.o(.bss)
    fileinfo                                 0x2000b484   Data          32  exfuns.o(.bss)
    dir                                      0x2000b4a4   Data          36  exfuns.o(.bss)
    __libspace_start                         0x2000b4c8   Data          96  libspace.o(.bss)
    __temporary_stack_top$libspace           0x2000b528   Data           0  libspace.o(.bss)



==============================================================================

Memory Map of the image

  Image Entry point : 0x08000131

  Load Region LR_IROM1 (Base: 0x08000000, Size: 0x0003cbec, Max: 0x00040000, ABSOLUTE, COMPRESSED[0x0003cab0])

    Execution Region ER_IROM1 (Exec base: 0x08000000, Load base: 0x08000000, Size: 0x0003ca2c, Max: 0x00040000, ABSOLUTE)

    Exec Addr    Load Addr    Size         Type   Attr      Idx    E Section Name        Object

    0x08000000   0x08000000   0x00000130   Data   RO          485    RESET               startup_stm32f10x_hd.o
    0x08000130   0x08000130   0x00000008   Code   RO          796  * !!!main             c_w.l(__main.o)
    0x08000138   0x08000138   0x00000034   Code   RO         1118    !!!scatter          c_w.l(__scatter.o)
    0x0800016c   0x0800016c   0x0000005a   Code   RO         1116    !!dczerorl2         c_w.l(__dczerorl2.o)
    0x080001c6   0x080001c6   0x00000002   PAD
    0x080001c8   0x080001c8   0x0000001c   Code   RO         1120    !!handler_zi        c_w.l(__scatter_zi.o)
    0x080001e4   0x080001e4   0x00000000   Code   RO          777    .ARM.Collect$$_printf_percent$$00000000  c_w.l(_printf_percent.o)
    0x080001e4   0x080001e4   0x00000006   Code   RO          877    .ARM.Collect$$_printf_percent$$00000001  c_w.l(_printf_n.o)
    0x080001ea   0x080001ea   0x00000006   Code   RO          878    .ARM.Collect$$_printf_percent$$00000002  c_w.l(_printf_p.o)
    0x080001f0   0x080001f0   0x00000006   Code   RO          776    .ARM.Collect$$_printf_percent$$00000003  c_w.l(_printf_f.o)
    0x080001f6   0x080001f6   0x00000006   Code   RO          882    .ARM.Collect$$_printf_percent$$00000004  c_w.l(_printf_e.o)
    0x080001fc   0x080001fc   0x00000006   Code   RO          883    .ARM.Collect$$_printf_percent$$00000005  c_w.l(_printf_g.o)
    0x08000202   0x08000202   0x00000006   Code   RO          884    .ARM.Collect$$_printf_percent$$00000006  c_w.l(_printf_a.o)
    0x08000208   0x08000208   0x0000000a   Code   RO          889    .ARM.Collect$$_printf_percent$$00000007  c_w.l(_printf_ll.o)
    0x08000212   0x08000212   0x00000006   Code   RO          880    .ARM.Collect$$_printf_percent$$00000008  c_w.l(_printf_i.o)
    0x08000218   0x08000218   0x00000006   Code   RO          775    .ARM.Collect$$_printf_percent$$00000009  c_w.l(_printf_d.o)
    0x0800021e   0x0800021e   0x00000006   Code   RO          881    .ARM.Collect$$_printf_percent$$0000000A  c_w.l(_printf_u.o)
    0x08000224   0x08000224   0x00000006   Code   RO          879    .ARM.Collect$$_printf_percent$$0000000B  c_w.l(_printf_o.o)
    0x0800022a   0x0800022a   0x00000006   Code   RO          774    .ARM.Collect$$_printf_percent$$0000000C  c_w.l(_printf_x.o)
    0x08000230   0x08000230   0x00000006   Code   RO          886    .ARM.Collect$$_printf_percent$$0000000D  c_w.l(_printf_lli.o)
    0x08000236   0x08000236   0x00000006   Code   RO          887    .ARM.Collect$$_printf_percent$$0000000E  c_w.l(_printf_lld.o)
    0x0800023c   0x0800023c   0x00000006   Code   RO          888    .ARM.Collect$$_printf_percent$$0000000F  c_w.l(_printf_llu.o)
    0x08000242   0x08000242   0x00000006   Code   RO          893    .ARM.Collect$$_printf_percent$$00000010  c_w.l(_printf_llo.o)
    0x08000248   0x08000248   0x00000006   Code   RO          894    .ARM.Collect$$_printf_percent$$00000011  c_w.l(_printf_llx.o)
    0x0800024e   0x0800024e   0x0000000a   Code   RO          890    .ARM.Collect$$_printf_percent$$00000012  c_w.l(_printf_l.o)
    0x08000258   0x08000258   0x00000006   Code   RO          772    .ARM.Collect$$_printf_percent$$00000013  c_w.l(_printf_c.o)
    0x0800025e   0x0800025e   0x00000006   Code   RO          773    .ARM.Collect$$_printf_percent$$00000014  c_w.l(_printf_s.o)
    0x08000264   0x08000264   0x00000006   Code   RO          891    .ARM.Collect$$_printf_percent$$00000015  c_w.l(_printf_lc.o)
    0x0800026a   0x0800026a   0x00000006   Code   RO          892    .ARM.Collect$$_printf_percent$$00000016  c_w.l(_printf_ls.o)
    0x08000270   0x08000270   0x00000004   Code   RO          885    .ARM.Collect$$_printf_percent$$00000017  c_w.l(_printf_percent_end.o)
    0x08000274   0x08000274   0x00000002   Code   RO          993    .ARM.Collect$$libinit$$00000000  c_w.l(libinit.o)
    0x08000276   0x08000276   0x00000000   Code   RO          995    .ARM.Collect$$libinit$$00000002  c_w.l(libinit2.o)
    0x08000276   0x08000276   0x00000000   Code   RO          997    .ARM.Collect$$libinit$$00000004  c_w.l(libinit2.o)
    0x08000276   0x08000276   0x00000000   Code   RO         1000    .ARM.Collect$$libinit$$0000000A  c_w.l(libinit2.o)
    0x08000276   0x08000276   0x00000000   Code   RO         1002    .ARM.Collect$$libinit$$0000000C  c_w.l(libinit2.o)
    0x08000276   0x08000276   0x00000000   Code   RO         1004    .ARM.Collect$$libinit$$0000000E  c_w.l(libinit2.o)
    0x08000276   0x08000276   0x00000006   Code   RO         1005    .ARM.Collect$$libinit$$0000000F  c_w.l(libinit2.o)
    0x0800027c   0x0800027c   0x00000000   Code   RO         1007    .ARM.Collect$$libinit$$00000011  c_w.l(libinit2.o)
    0x0800027c   0x0800027c   0x0000000c   Code   RO         1008    .ARM.Collect$$libinit$$00000012  c_w.l(libinit2.o)
    0x08000288   0x08000288   0x00000000   Code   RO         1009    .ARM.Collect$$libinit$$00000013  c_w.l(libinit2.o)
    0x08000288   0x08000288   0x00000000   Code   RO         1011    .ARM.Collect$$libinit$$00000015  c_w.l(libinit2.o)
    0x08000288   0x08000288   0x0000000a   Code   RO         1012    .ARM.Collect$$libinit$$00000016  c_w.l(libinit2.o)
    0x08000292   0x08000292   0x00000000   Code   RO         1013    .ARM.Collect$$libinit$$00000017  c_w.l(libinit2.o)
    0x08000292   0x08000292   0x00000000   Code   RO         1015    .ARM.Collect$$libinit$$00000019  c_w.l(libinit2.o)
    0x08000292   0x08000292   0x00000000   Code   RO         1017    .ARM.Collect$$libinit$$0000001B  c_w.l(libinit2.o)
    0x08000292   0x08000292   0x00000000   Code   RO         1019    .ARM.Collect$$libinit$$0000001D  c_w.l(libinit2.o)
    0x08000292   0x08000292   0x00000000   Code   RO         1021    .ARM.Collect$$libinit$$0000001F  c_w.l(libinit2.o)
    0x08000292   0x08000292   0x00000000   Code   RO         1023    .ARM.Collect$$libinit$$00000021  c_w.l(libinit2.o)
    0x08000292   0x08000292   0x00000000   Code   RO         1025    .ARM.Collect$$libinit$$00000023  c_w.l(libinit2.o)
    0x08000292   0x08000292   0x00000000   Code   RO         1027    .ARM.Collect$$libinit$$00000025  c_w.l(libinit2.o)
    0x08000292   0x08000292   0x00000000   Code   RO         1031    .ARM.Collect$$libinit$$0000002C  c_w.l(libinit2.o)
    0x08000292   0x08000292   0x00000000   Code   RO         1033    .ARM.Collect$$libinit$$0000002E  c_w.l(libinit2.o)
    0x08000292   0x08000292   0x00000000   Code   RO         1035    .ARM.Collect$$libinit$$00000030  c_w.l(libinit2.o)
    0x08000292   0x08000292   0x00000000   Code   RO         1037    .ARM.Collect$$libinit$$00000032  c_w.l(libinit2.o)
    0x08000292   0x08000292   0x00000002   Code   RO         1038    .ARM.Collect$$libinit$$00000033  c_w.l(libinit2.o)
    0x08000294   0x08000294   0x00000002   Code   RO         1066    .ARM.Collect$$libshutdown$$00000000  c_w.l(libshutdown.o)
    0x08000296   0x08000296   0x00000000   Code   RO         1075    .ARM.Collect$$libshutdown$$00000002  c_w.l(libshutdown2.o)
    0x08000296   0x08000296   0x00000000   Code   RO         1077    .ARM.Collect$$libshutdown$$00000004  c_w.l(libshutdown2.o)
    0x08000296   0x08000296   0x00000000   Code   RO         1080    .ARM.Collect$$libshutdown$$00000007  c_w.l(libshutdown2.o)
    0x08000296   0x08000296   0x00000000   Code   RO         1083    .ARM.Collect$$libshutdown$$0000000A  c_w.l(libshutdown2.o)
    0x08000296   0x08000296   0x00000000   Code   RO         1085    .ARM.Collect$$libshutdown$$0000000C  c_w.l(libshutdown2.o)
    0x08000296   0x08000296   0x00000000   Code   RO         1088    .ARM.Collect$$libshutdown$$0000000F  c_w.l(libshutdown2.o)
    0x08000296   0x08000296   0x00000002   Code   RO         1089    .ARM.Collect$$libshutdown$$00000010  c_w.l(libshutdown2.o)
    0x08000298   0x08000298   0x00000000   Code   RO          844    .ARM.Collect$$rtentry$$00000000  c_w.l(__rtentry.o)
    0x08000298   0x08000298   0x00000000   Code   RO          910    .ARM.Collect$$rtentry$$00000002  c_w.l(__rtentry2.o)
    0x08000298   0x08000298   0x00000006   Code   RO          922    .ARM.Collect$$rtentry$$00000004  c_w.l(__rtentry4.o)
    0x0800029e   0x0800029e   0x00000000   Code   RO          912    .ARM.Collect$$rtentry$$00000009  c_w.l(__rtentry2.o)
    0x0800029e   0x0800029e   0x00000004   Code   RO          913    .ARM.Collect$$rtentry$$0000000A  c_w.l(__rtentry2.o)
    0x080002a2   0x080002a2   0x00000000   Code   RO          915    .ARM.Collect$$rtentry$$0000000C  c_w.l(__rtentry2.o)
    0x080002a2   0x080002a2   0x00000008   Code   RO          916    .ARM.Collect$$rtentry$$0000000D  c_w.l(__rtentry2.o)
    0x080002aa   0x080002aa   0x00000002   Code   RO         1039    .ARM.Collect$$rtexit$$00000000  c_w.l(rtexit.o)
    0x080002ac   0x080002ac   0x00000000   Code   RO         1046    .ARM.Collect$$rtexit$$00000002  c_w.l(rtexit2.o)
    0x080002ac   0x080002ac   0x00000004   Code   RO         1047    .ARM.Collect$$rtexit$$00000003  c_w.l(rtexit2.o)
    0x080002b0   0x080002b0   0x00000006   Code   RO         1048    .ARM.Collect$$rtexit$$00000004  c_w.l(rtexit2.o)
    0x080002b6   0x080002b6   0x00000002   PAD
    0x080002b8   0x080002b8   0x0000031c   Code   RO            1    .text               main.o
    0x080005d4   0x080005d4   0x0000001a   Code   RO          167    .text               stm32f10x_it.o
    0x080005ee   0x080005ee   0x00000002   PAD
    0x080005f0   0x080005f0   0x000001e0   Code   RO          208    .text               system_stm32f10x.o
    0x080007d0   0x080007d0   0x00001098   Code   RO          226    .text               route.o
    0x08001868   0x08001868   0x00000038   Code   RO          257    .text               led.o
    0x080018a0   0x080018a0   0x00005846   Code   RO          269    .text               lcd.o
    0x080070e6   0x080070e6   0x00000002   PAD
    0x080070e8   0x080070e8   0x000000fc   Code   RO          299    .text               key.o
    0x080071e4   0x080071e4   0x000000e0   Code   RO          312    .text               spi.o
    0x080072c4   0x080072c4   0x00000524   Code   RO          330    .text               mmc_sd.o
    0x080077e8   0x080077e8   0x00000348   Code   RO          348    .text               flash.o
    0x08007b30   0x08007b30   0x000008ec   Code   RO          367    .text               gps.o
    0x0800841c   0x0800841c   0x00000300   Code   RO          393    .text               usart2.o
    0x0800871c   0x0800871c   0x000000d4   Code   RO          419    .text               delay.o
    0x080087f0   0x080087f0   0x000000c0   Code   RO          450    .text               usart.o
    0x080088b0   0x080088b0   0x00000040   Code   RO          486    .text               startup_stm32f10x_hd.o
    0x080088f0   0x080088f0   0x0000035c   Code   RO          490    .text               stm32f10x_gpio.o
    0x08008c4c   0x08008c4c   0x000003a4   Code   RO          502    .text               stm32f10x_rcc.o
    0x08008ff0   0x08008ff0   0x00000408   Code   RO          516    .text               stm32f10x_usart.o
    0x080093f8   0x080093f8   0x000000dc   Code   RO          528    .text               misc.o
    0x080094d4   0x080094d4   0x0000030c   Code   RO          540    .text               stm32f10x_spi.o
    0x080097e0   0x080097e0   0x00000e1a   Code   RO          552    .text               stm32f10x_tim.o
    0x0800a5fa   0x0800a5fa   0x00000002   PAD
    0x0800a5fc   0x0800a5fc   0x00000254   Code   RO          564    .text               stm32f10x_dma.o
    0x0800a850   0x0800a850   0x000001a0   Code   RO          576    .text               malloc.o
    0x0800a9f0   0x0800a9f0   0x00000198   Code   RO          596    .text               exfuns.o
    0x0800ab88   0x0800ab88   0x000001f8   Code   RO          645    .text               diskio.o
    0x0800ad80   0x0800ad80   0x00003296   Code   RO          671    .text               ff.o
    0x0800e016   0x0800e016   0x00000002   PAD
    0x0800e018   0x0800e018   0x000000b4   Code   RO          686    .text               cc936.o
    0x0800e0cc   0x0800e0cc   0x00000002   Code   RO          711    .text               c_w.l(use_no_semi_2.o)
    0x0800e0ce   0x0800e0ce   0x00000002   PAD
    0x0800e0d0   0x0800e0d0   0x00000024   Code   RO          713    .text               c_w.l(c89vsprintf.o)
    0x0800e0f4   0x0800e0f4   0x00000018   Code   RO          715    .text               c_w.l(__2printf.o)
    0x0800e10c   0x0800e10c   0x0000002c   Code   RO          717    .text               c_w.l(__2sprintf.o)
    0x0800e138   0x0800e138   0x0000004e   Code   RO          725    .text               c_w.l(_printf_pad.o)
    0x0800e186   0x0800e186   0x00000052   Code   RO          727    .text               c_w.l(_printf_str.o)
    0x0800e1d8   0x0800e1d8   0x00000078   Code   RO          729    .text               c_w.l(_printf_dec.o)
    0x0800e250   0x0800e250   0x00000094   Code   RO          749    .text               c_w.l(_printf_hex_int_ll_ptr.o)
    0x0800e2e4   0x0800e2e4   0x00000188   Code   RO          769    .text               c_w.l(__printf_flags_ss_wp.o)
    0x0800e46c   0x0800e46c   0x0000001a   Code   RO          778    .text               c_w.l(atoi.o)
    0x0800e486   0x0800e486   0x00000024   Code   RO          780    .text               c_w.l(strstr.o)
    0x0800e4aa   0x0800e4aa   0x00000048   Code   RO          782    .text               c_w.l(strcpy.o)
    0x0800e4f2   0x0800e4f2   0x0000003e   Code   RO          784    .text               c_w.l(strlen.o)
    0x0800e530   0x0800e530   0x00000018   Code   RO          786    .text               c_w.l(strcat.o)
    0x0800e548   0x0800e548   0x00000044   Code   RO          788    .text               c_w.l(rt_memclr.o)
    0x0800e58c   0x0800e58c   0x0000004e   Code   RO          790    .text               c_w.l(rt_memclr_w.o)
    0x0800e5da   0x0800e5da   0x00000002   PAD
    0x0800e5dc   0x0800e5dc   0x00000080   Code   RO          792    .text               c_w.l(strcmpv7m.o)
    0x0800e65c   0x0800e65c   0x00000006   Code   RO          794    .text               c_w.l(heapauxi.o)
    0x0800e662   0x0800e662   0x00000002   Code   RO          842    .text               c_w.l(use_no_semi.o)
    0x0800e664   0x0800e664   0x00000008   Code   RO          848    .text               c_w.l(rt_errno_addr_intlibspace.o)
    0x0800e66c   0x0800e66c   0x00000024   Code   RO          850    .text               c_w.l(_printf_truncate.o)
    0x0800e690   0x0800e690   0x000000b2   Code   RO          852    .text               c_w.l(_printf_intcommon.o)
    0x0800e742   0x0800e742   0x00000028   Code   RO          854    .text               c_w.l(_printf_charcount.o)
    0x0800e76a   0x0800e76a   0x0000041e   Code   RO          856    .text               c_w.l(_printf_fp_dec.o)
    0x0800eb88   0x0800eb88   0x00000030   Code   RO          858    .text               c_w.l(_printf_char_common.o)
    0x0800ebb8   0x0800ebb8   0x0000000a   Code   RO          860    .text               c_w.l(_sputc.o)
    0x0800ebc2   0x0800ebc2   0x0000002c   Code   RO          862    .text               c_w.l(_printf_char.o)
    0x0800ebee   0x0800ebee   0x00000002   PAD
    0x0800ebf0   0x0800ebf0   0x00000024   Code   RO          864    .text               c_w.l(_printf_char_file.o)
    0x0800ec14   0x0800ec14   0x000000bc   Code   RO          866    .text               c_w.l(_printf_wctomb.o)
    0x0800ecd0   0x0800ecd0   0x0000007c   Code   RO          869    .text               c_w.l(_printf_longlong_dec.o)
    0x0800ed4c   0x0800ed4c   0x00000070   Code   RO          875    .text               c_w.l(_printf_oct_int_ll.o)
    0x0800edbc   0x0800edbc   0x00000070   Code   RO          895    .text               c_w.l(strtol.o)
    0x0800ee2c   0x0800ee2c   0x00000008   Code   RO          906    .text               c_w.l(libspace.o)
    0x0800ee34   0x0800ee34   0x00000010   Code   RO          924    .text               c_w.l(rt_ctype_table.o)
    0x0800ee44   0x0800ee44   0x00000008   Code   RO          929    .text               c_w.l(rt_locale_intlibspace.o)
    0x0800ee4c   0x0800ee4c   0x0000008a   Code   RO          931    .text               c_w.l(lludiv10.o)
    0x0800eed6   0x0800eed6   0x00000002   PAD
    0x0800eed8   0x0800eed8   0x00000080   Code   RO          933    .text               c_w.l(_printf_fp_infnan.o)
    0x0800ef58   0x0800ef58   0x0000002c   Code   RO          937    .text               c_w.l(_printf_wchar.o)
    0x0800ef84   0x0800ef84   0x0000009e   Code   RO          939    .text               c_w.l(_strtoul.o)
    0x0800f022   0x0800f022   0x00000002   PAD
    0x0800f024   0x0800f024   0x000000e4   Code   RO          941    .text               c_w.l(bigflt0.o)
    0x0800f108   0x0800f108   0x00000008   Code   RO          966    .text               c_w.l(ferror.o)
    0x0800f110   0x0800f110   0x00000040   Code   RO          970    .text               c_w.l(_wcrtomb.o)
    0x0800f150   0x0800f150   0x0000004a   Code   RO          979    .text               c_w.l(sys_stackheap_outer.o)
    0x0800f19a   0x0800f19a   0x0000001c   Code   RO          981    .text               c_w.l(_chval.o)
    0x0800f1b6   0x0800f1b6   0x00000012   Code   RO          986    .text               c_w.l(exit.o)
    0x0800f1c8   0x0800f1c8   0x0000003e   Code   RO          944    CL$$btod_d2e        c_w.l(btod.o)
    0x0800f206   0x0800f206   0x00000046   Code   RO          946    CL$$btod_d2e_denorm_low  c_w.l(btod.o)
    0x0800f24c   0x0800f24c   0x00000060   Code   RO          945    CL$$btod_d2e_norm_op1  c_w.l(btod.o)
    0x0800f2ac   0x0800f2ac   0x00000338   Code   RO          954    CL$$btod_div_common  c_w.l(btod.o)
    0x0800f5e4   0x0800f5e4   0x000000dc   Code   RO          951    CL$$btod_e2e        c_w.l(btod.o)
    0x0800f6c0   0x0800f6c0   0x0000002a   Code   RO          948    CL$$btod_ediv       c_w.l(btod.o)
    0x0800f6ea   0x0800f6ea   0x0000002a   Code   RO          947    CL$$btod_emul       c_w.l(btod.o)
    0x0800f714   0x0800f714   0x00000244   Code   RO          953    CL$$btod_mult_common  c_w.l(btod.o)
    0x0800f958   0x0800f958   0x00000028   Code   RO          977    i.__ARM_fpclassify  m_ws.l(fpclassify.o)
    0x0800f980   0x0800f980   0x0000000e   Code   RO          762    i._is_digit         c_w.l(__printf_wp.o)
    0x0800f98e   0x0800f98e   0x00000002   PAD
    0x0800f990   0x0800f990   0x0000002c   Code   RO          973    locale$$code        c_w.l(lc_numeric_c.o)
    0x0800f9bc   0x0800f9bc   0x0000002c   Code   RO          984    locale$$code        c_w.l(lc_ctype_c.o)
    0x0800f9e8   0x0800f9e8   0x00000062   Code   RO          798    x$fpl$d2f           fz_ws.l(d2f.o)
    0x0800fa4a   0x0800fa4a   0x00000002   PAD
    0x0800fa4c   0x0800fa4c   0x0000005a   Code   RO          800    x$fpl$dfixu         fz_ws.l(dfixu.o)
    0x0800faa6   0x0800faa6   0x00000026   Code   RO          804    x$fpl$dfltu         fz_ws.l(dflt_clz.o)
    0x0800facc   0x0800facc   0x00000154   Code   RO          810    x$fpl$dmul          fz_ws.l(dmul.o)
    0x0800fc20   0x0800fc20   0x0000009c   Code   RO          897    x$fpl$dnaninf       fz_ws.l(dnaninf.o)
    0x0800fcbc   0x0800fcbc   0x0000000c   Code   RO          899    x$fpl$dretinf       fz_ws.l(dretinf.o)
    0x0800fcc8   0x0800fcc8   0x00000056   Code   RO          812    x$fpl$f2d           fz_ws.l(f2d.o)
    0x0800fd1e   0x0800fd1e   0x00000002   PAD
    0x0800fd20   0x0800fd20   0x000000c4   Code   RO          814    x$fpl$fadd          fz_ws.l(faddsub_clz.o)
    0x0800fde4   0x0800fde4   0x00000184   Code   RO          821    x$fpl$fdiv          fz_ws.l(fdiv.o)
    0x0800ff68   0x0800ff68   0x00000036   Code   RO          824    x$fpl$ffix          fz_ws.l(ffix.o)
    0x0800ff9e   0x0800ff9e   0x00000002   PAD
    0x0800ffa0   0x0800ffa0   0x0000003e   Code   RO          828    x$fpl$ffixu         fz_ws.l(ffixu.o)
    0x0800ffde   0x0800ffde   0x00000002   PAD
    0x0800ffe0   0x0800ffe0   0x00000030   Code   RO          833    x$fpl$fflt          fz_ws.l(fflt_clz.o)
    0x08010010   0x08010010   0x00000026   Code   RO          832    x$fpl$ffltu         fz_ws.l(fflt_clz.o)
    0x08010036   0x08010036   0x00000002   PAD
    0x08010038   0x08010038   0x00000102   Code   RO          838    x$fpl$fmul          fz_ws.l(fmul.o)
    0x0801013a   0x0801013a   0x0000008c   Code   RO          901    x$fpl$fnaninf       fz_ws.l(fnaninf.o)
    0x080101c6   0x080101c6   0x0000000a   Code   RO          903    x$fpl$fretinf       fz_ws.l(fretinf.o)
    0x080101d0   0x080101d0   0x000000ea   Code   RO          816    x$fpl$fsub          fz_ws.l(faddsub_clz.o)
    0x080102ba   0x080102ba   0x00000004   Code   RO          840    x$fpl$printf1       fz_ws.l(printf1.o)
    0x080102be   0x080102be   0x00000000   Code   RO          905    x$fpl$usenofp       fz_ws.l(usenofp.o)
    0x080102be   0x080102be   0x000017c0   Data   RO          271    .constdata          lcd.o
    0x08011a7e   0x08011a7e   0x00000002   PAD
    0x08011a80   0x08011a80   0x00000024   Data   RO          368    .constdata          gps.o
    0x08011aa4   0x08011aa4   0x0000003a   Data   RO          672    .constdata          ff.o
    0x08011ade   0x08011ade   0x0002acc8   Data   RO          687    .constdata          cc936.o
    0x0803c7a6   0x0803c7a6   0x00000028   Data   RO          750    .constdata          c_w.l(_printf_hex_int_ll_ptr.o)
    0x0803c7ce   0x0803c7ce   0x00000011   Data   RO          770    .constdata          c_w.l(__printf_flags_ss_wp.o)
    0x0803c7df   0x0803c7df   0x00000001   PAD
    0x0803c7e0   0x0803c7e0   0x00000008   Data   RO          867    .constdata          c_w.l(_printf_wctomb.o)
    0x0803c7e8   0x0803c7e8   0x00000094   Data   RO          942    .constdata          c_w.l(bigflt0.o)
    0x0803c87c   0x0803c87c   0x00000064   Data   RO          598    .conststring        exfuns.o
    0x0803c8e0   0x0803c8e0   0x00000020   Data   RO         1114    Region$$Table       anon$$obj.o
    0x0803c900   0x0803c900   0x0000001c   Data   RO          972    locale$$data        c_w.l(lc_numeric_c.o)
    0x0803c91c   0x0803c91c   0x00000110   Data   RO          983    locale$$data        c_w.l(lc_ctype_c.o)


    Execution Region RW_IRAM1 (Exec base: 0x20000000, Load base: 0x0803ca2c, Size: 0x0000bb28, Max: 0x0000c000, ABSOLUTE, COMPRESSED[0x00000084])

    Exec Addr    Load Addr    Size         Type   Attr      Idx    E Section Name        Object

    0x20000000   COMPRESSED   0x00000008   Data   RW            3    .data               main.o
    0x20000008   COMPRESSED   0x00000014   Data   RW          209    .data               system_stm32f10x.o
    0x2000001c   COMPRESSED   0x00000004   Data   RW          272    .data               lcd.o
    0x20000020   COMPRESSED   0x00000001   Data   RW          300    .data               key.o
    0x20000021   COMPRESSED   0x00000001   Data   RW          331    .data               mmc_sd.o
    0x20000022   COMPRESSED   0x00000002   Data   RW          350    .data               flash.o
    0x20000024   COMPRESSED   0x00000002   Data   RW          395    .data               usart2.o
    0x20000026   COMPRESSED   0x00000004   Data   RW          420    .data               delay.o
    0x2000002a   COMPRESSED   0x00000002   PAD
    0x2000002c   COMPRESSED   0x00000006   Data   RW          452    .data               usart.o
    0x20000032   COMPRESSED   0x00000014   Data   RW          503    .data               stm32f10x_rcc.o
    0x20000046   COMPRESSED   0x00000002   PAD
    0x20000048   COMPRESSED   0x00000014   Data   RW          579    .data               malloc.o
    0x2000005c   COMPRESSED   0x00000154   Data   RW          599    .data               exfuns.o
    0x200001b0   COMPRESSED   0x00000002   Data   RW          646    .data               diskio.o
    0x200001b2   COMPRESSED   0x00000002   PAD
    0x200001b4   COMPRESSED   0x0000000a   Data   RW          673    .data               ff.o
    0x200001be   COMPRESSED   0x00000002   PAD
    0x200001c0        -       0x0000028c   Zero   RW            2    .bss                main.o
    0x2000044c        -       0x00000280   Zero   RW          227    .bss                route.o
    0x200006cc        -       0x0000000e   Zero   RW          270    .bss                lcd.o
    0x200006da        -       0x00000012   Zero   RW          313    .bss                spi.o
    0x200006ec        -       0x00001000   Zero   RW          349    .bss                flash.o
    0x200016ec   COMPRESSED   0x00000004   PAD
    0x200016f0        -       0x0000040a   Zero   RW          394    .bss                usart2.o
    0x20001afa        -       0x000004c8   Zero   RW          451    .bss                usart.o
    0x20001fc2   COMPRESSED   0x00000002   PAD
    0x20001fc4        -       0x000094c0   Zero   RW          577    .bss                malloc.o
    0x2000b484        -       0x00000044   Zero   RW          597    .bss                exfuns.o
    0x2000b4c8        -       0x00000060   Zero   RW          907    .bss                c_w.l(libspace.o)
    0x2000b528        -       0x00000200   Zero   RW          484    HEAP                startup_stm32f10x_hd.o
    0x2000b728        -       0x00000400   Zero   RW          483    STACK               startup_stm32f10x_hd.o


==============================================================================

Image component sizes


      Code (inc. data)   RO Data    RW Data    ZI Data      Debug   Object Name

       180         18     175304          0          0       2169   cc936.o
       212         18          0          4          0       1019   delay.o
       504         12          0          2          0       4282   diskio.o
       408         20        100        340         68       5176   exfuns.o
     12950        138         58         10          0      35002   ff.o
       840         20          0          2       4096       4449   flash.o
      2284         74         36          0          0       6473   gps.o
       252         16          0          1          0        824   key.o
     22598        208       6080          4         14      24983   lcd.o
        56          6          0          0          0        471   led.o
       796        230          0          8        652     277173   main.o
       416          6          0         20      38080       3941   malloc.o
       220         22          0          0          0       1777   misc.o
      1316         16          0          1          0       5822   mmc_sd.o
      4248        766          0          0        640       5538   route.o
       224         12          0          0         18       1269   spi.o
        64         26        304          0       1536        788   startup_stm32f10x_hd.o
       596          8          0          0          0       4338   stm32f10x_dma.o
       860         38          0          0          0       5709   stm32f10x_gpio.o
        26          0          0          0          0       1166   stm32f10x_it.o
       932         36          0         20          0       8872   stm32f10x_rcc.o
       780         14          0          0          0       6590   stm32f10x_spi.o
      3610         88          0          0          0      22816   stm32f10x_tim.o
      1032         22          0          0          0       8432   stm32f10x_usart.o
         0          0          0          0          0         32   sys.o
       480         38          0         20          0       1703   system_stm32f10x.o
       192         10          0          6       1224       2990   usart.o
       768         28          0          2       1034       4099   usart2.o

    ----------------------------------------------------------------------
     56852       1890     181916        448      47368     447903   Object Totals
         0          0         32          0          0          0   (incl. Generated)
         8          0          2          8          6          0   (incl. Padding)

    ----------------------------------------------------------------------

      Code (inc. data)   RO Data    RW Data    ZI Data      Debug   Library Member Name

        24          4          0          0          0         84   __2printf.o
        44          6          0          0          0         84   __2sprintf.o
        90          0          0          0          0          0   __dczerorl2.o
         8          0          0          0          0         68   __main.o
       392          4         17          0          0         92   __printf_flags_ss_wp.o
        14          0          0          0          0         68   __printf_wp.o
         0          0          0          0          0          0   __rtentry.o
        12          0          0          0          0          0   __rtentry2.o
         6          0          0          0          0          0   __rtentry4.o
        52          8          0          0          0          0   __scatter.o
        28          0          0          0          0          0   __scatter_zi.o
        28          0          0          0          0         68   _chval.o
         6          0          0          0          0          0   _printf_a.o
         6          0          0          0          0          0   _printf_c.o
        44          0          0          0          0        108   _printf_char.o
        48          6          0          0          0         96   _printf_char_common.o
        36          4          0          0          0         80   _printf_char_file.o
        40          0          0          0          0         68   _printf_charcount.o
         6          0          0          0          0          0   _printf_d.o
       120         16          0          0          0         92   _printf_dec.o
         6          0          0          0          0          0   _printf_e.o
         6          0          0          0          0          0   _printf_f.o
      1054          0          0          0          0        216   _printf_fp_dec.o
       128         16          0          0          0         84   _printf_fp_infnan.o
         6          0          0          0          0          0   _printf_g.o
       148          4         40          0          0        160   _printf_hex_int_ll_ptr.o
         6          0          0          0          0          0   _printf_i.o
       178          0          0          0          0         88   _printf_intcommon.o
        10          0          0          0          0          0   _printf_l.o
         6          0          0          0          0          0   _printf_lc.o
        10          0          0          0          0          0   _printf_ll.o
         6          0          0          0          0          0   _printf_lld.o
         6          0          0          0          0          0   _printf_lli.o
         6          0          0          0          0          0   _printf_llo.o
         6          0          0          0          0          0   _printf_llu.o
         6          0          0          0          0          0   _printf_llx.o
       124         16          0          0          0         92   _printf_longlong_dec.o
         6          0          0          0          0          0   _printf_ls.o
         6          0          0          0          0          0   _printf_n.o
         6          0          0          0          0          0   _printf_o.o
       112         10          0          0          0        124   _printf_oct_int_ll.o
         6          0          0          0          0          0   _printf_p.o
        78          0          0          0          0        108   _printf_pad.o
         0          0          0          0          0          0   _printf_percent.o
         4          0          0          0          0          0   _printf_percent_end.o
         6          0          0          0          0          0   _printf_s.o
        82          0          0          0          0         80   _printf_str.o
        36          0          0          0          0         84   _printf_truncate.o
         6          0          0          0          0          0   _printf_u.o
        44          0          0          0          0        108   _printf_wchar.o
       188          6          8          0          0         92   _printf_wctomb.o
         6          0          0          0          0          0   _printf_x.o
        10          0          0          0          0         68   _sputc.o
       158          0          0          0          0         92   _strtoul.o
        64          0          0          0          0         92   _wcrtomb.o
        26          0          0          0          0         80   atoi.o
       228          4        148          0          0         96   bigflt0.o
      1936        128          0          0          0        672   btod.o
        36          4          0          0          0         76   c89vsprintf.o
        18          0          0          0          0         80   exit.o
         8          0          0          0          0         68   ferror.o
         6          0          0          0          0        152   heapauxi.o
        44         10        272          0          0         76   lc_ctype_c.o
        44         10         28          0          0         76   lc_numeric_c.o
         2          0          0          0          0          0   libinit.o
        30          0          0          0          0          0   libinit2.o
         2          0          0          0          0          0   libshutdown.o
         2          0          0          0          0          0   libshutdown2.o
         8          4          0          0         96         68   libspace.o
       138          0          0          0          0         80   lludiv10.o
        16          4          0          0          0         76   rt_ctype_table.o
         8          4          0          0          0         68   rt_errno_addr_intlibspace.o
         8          4          0          0          0         68   rt_locale_intlibspace.o
        68          0          0          0          0         68   rt_memclr.o
        78          0          0          0          0         80   rt_memclr_w.o
         2          0          0          0          0          0   rtexit.o
        10          0          0          0          0          0   rtexit2.o
        24          0          0          0          0         68   strcat.o
       128          0          0          0          0         68   strcmpv7m.o
        72          0          0          0          0         80   strcpy.o
        62          0          0          0          0         76   strlen.o
        36          0          0          0          0         80   strstr.o
       112          0          0          0          0         88   strtol.o
        74          0          0          0          0         80   sys_stackheap_outer.o
         2          0          0          0          0         68   use_no_semi.o
         2          0          0          0          0         68   use_no_semi_2.o
        98          4          0          0          0         92   d2f.o
        90          4          0          0          0         92   dfixu.o
        38          0          0          0          0         68   dflt_clz.o
       340         12          0          0          0        104   dmul.o
       156          4          0          0          0         92   dnaninf.o
        12          0          0          0          0         68   dretinf.o
        86          4          0          0          0         84   f2d.o
       430          8          0          0          0        168   faddsub_clz.o
       388         76          0          0          0         96   fdiv.o
        54          4          0          0          0         84   ffix.o
        62          4          0          0          0         84   ffixu.o
        86          0          0          0          0        136   fflt_clz.o
       258          4          0          0          0         84   fmul.o
       140          4          0          0          0         84   fnaninf.o
        10          0          0          0          0         68   fretinf.o
         4          0          0          0          0         68   printf1.o
         0          0          0          0          0          0   usenofp.o
        40          0          0          0          0         68   fpclassify.o

    ----------------------------------------------------------------------
      9082        400        514          0         96       6496   Library Totals
        26          0          1          0          0          0   (incl. Padding)

    ----------------------------------------------------------------------

      Code (inc. data)   RO Data    RW Data    ZI Data      Debug   Library Name

      6764        272        513          0         96       4956   c_w.l
      2252        128          0          0          0       1472   fz_ws.l
        40          0          0          0          0         68   m_ws.l

    ----------------------------------------------------------------------
      9082        400        514          0         96       6496   Library Totals

    ----------------------------------------------------------------------

==============================================================================


      Code (inc. data)   RO Data    RW Data    ZI Data      Debug   

     65934       2290     182430        448      47464     448415   Grand Totals
     65934       2290     182430        132      47464     448415   ELF Image Totals (compressed)
     65934       2290     182430        132          0          0   ROM Totals

==============================================================================

    Total RO  Size (Code + RO Data)               248364 ( 242.54kB)
    Total RW  Size (RW Data + ZI Data)             47912 (  46.79kB)
    Total ROM Size (Code + RO Data + RW Data)     248496 ( 242.67kB)

==============================================================================

